ENA-CHECKLIST;disease state;cell type;project;donor_id;age;sex;ethnicity;target cell type;phenotype;organism;material
ERC000026;normal;iPSC derived cell line;HipSci;SAMEA2398438;55-59;female;White - White British;sensory neuron;normal;Homo sapiens;cell line;
ERC000026;normal;iPSC derived cell line;HipSci;SAMEA2399253;-;male;-;sensory neuron;normal;Homo sapiens;cell line;
ERC000026;normal;iPSC derived cell line;HipSci;SAMEA2398506;-;male;-;sensory neuron;normal;Homo sapiens;cell line;
ERC000026;normal;iPSC derived cell line;HipSci;SAMEA2398800;-;female;-;sensory neuron;normal;Homo sapiens;cell line;
ERC000026;normal;iPSC derived cell line;HipSci;SAMEA2398787;-;male;-;sensory neuron;normal;Homo sapiens;cell line;
ERC000026;normal;iPSC derived cell line;HipSci;SAMEA2398888;-;male;-;sensory neuron;normal;Homo sapiens;cell line;
ERC000026;normal;iPSC derived cell line;HipSci;SAMEA2399170;-;female;-;sensory neuron;normal;Homo sapiens;cell line;
ERC000026;normal;iPSC derived cell line;HipSci;SAMEA2398438;55-59;female;White - White British;sensory neuron;normal;Homo sapiens;cell line;
ERC000026;normal;iPSC derived cell line;HipSci;SAMEA2398093;-;female;-;sensory neuron;normal;Homo sapiens;cell line;
ERC000026;normal;iPSC derived cell line;HipSci;SAMEA2398454;-;male;-;sensory neuron;normal;Homo sapiens;cell line;
ERC000026;normal;iPSC derived cell line;HipSci;SAMEA2398454;-;male;-;sensory neuron;normal;Homo sapiens;cell line;
ERC000026;normal;iPSC derived cell line;HipSci;SAMEA2398888;-;male;-;sensory neuron;normal;Homo sapiens;cell line;
ERC000026;normal;iPSC derived cell line;HipSci;SAMEA2397940;-;female;-;sensory neuron;normal;Homo sapiens;cell line;
ERC000026;normal;iPSC derived cell line;HipSci;SAMEA2398882;-;male;-;sensory neuron;normal;Homo sapiens;cell line;
ERC000026;normal;iPSC derived cell line;HipSci;SAMEA2398589;-;female;-;sensory neuron;normal;Homo sapiens;cell line;
ERC000026;normal;iPSC derived cell line;HipSci;SAMEA2398751;-;female;-;sensory neuron;normal;Homo sapiens;cell line;
ERC000026;normal;iPSC derived cell line;HipSci;SAMEA2398902;-;male;-;sensory neuron;normal;Homo sapiens;cell line;
ERC000026;normal;iPSC derived cell line;HipSci;SAMEA2399169;-;male;-;sensory neuron;normal;Homo sapiens;cell line;
ERC000026;normal;iPSC derived cell line;HipSci;SAMEA2399253;-;male;-;sensory neuron;normal;Homo sapiens;cell line;
ERC000026;normal;iPSC derived cell line;HipSci;SAMEA2398506;-;male;-;sensory neuron;normal;Homo sapiens;cell line;
ERC000026;normal;iPSC derived cell line;HipSci;SAMEA2398800;-;female;-;sensory neuron;normal;Homo sapiens;cell line;
ERC000026;normal;iPSC derived cell line;HipSci;SAMEA2398787;-;male;-;sensory neuron;normal;Homo sapiens;cell line;
ERC000026;normal;iPSC derived cell line;HipSci;SAMEA2398888;-;male;-;sensory neuron;normal;Homo sapiens;cell line;
ERC000026;normal;iPSC derived cell line;HipSci;SAMEA2399170;-;female;-;sensory neuron;normal;Homo sapiens;cell line;
ERC000026;normal;iPSC derived cell line;HipSci;SAMEA2398438;55-59;female;White - White British;sensory neuron;normal;Homo sapiens;cell line;
ERC000026;normal;iPSC derived cell line;HipSci;SAMEA2398093;-;female;-;sensory neuron;normal;Homo sapiens;cell line;
ERC000026;normal;iPSC derived cell line;HipSci;SAMEA2398454;-;male;-;sensory neuron;normal;Homo sapiens;cell line;
ERC000026;normal;iPSC derived cell line;HipSci;SAMEA2398454;-;male;-;sensory neuron;normal;Homo sapiens;cell line;
ERC000026;normal;iPSC derived cell line;HipSci;SAMEA2398888;-;male;-;sensory neuron;normal;Homo sapiens;cell line;
ERC000026;normal;iPSC derived cell line;HipSci;SAMEA2397940;-;female;-;sensory neuron;normal;Homo sapiens;cell line;
ERC000026;normal;iPSC derived cell line;HipSci;SAMEA2398882;-;male;-;sensory neuron;normal;Homo sapiens;cell line;
ERC000026;normal;iPSC derived cell line;HipSci;SAMEA2398589;-;female;-;sensory neuron;normal;Homo sapiens;cell line;
ERC000026;normal;iPSC derived cell line;HipSci;SAMEA2398751;-;female;-;sensory neuron;normal;Homo sapiens;cell line;
ERC000026;normal;iPSC derived cell line;HipSci;SAMEA2398902;-;male;-;sensory neuron;normal;Homo sapiens;cell line;
ERC000026;normal;iPSC derived cell line;HipSci;SAMEA2399169;-;male;-;sensory neuron;normal;Homo sapiens;cell line;
ERC000026;normal;iPSC derived cell line;HipSci;SAMEA2399253;-;male;-;sensory neuron;normal;Homo sapiens;cell line;
ERC000026;normal;iPSC derived cell line;HipSci;SAMEA2398506;-;male;-;sensory neuron;normal;Homo sapiens;cell line;
ERC000026;normal;iPSC derived cell line;HipSci;SAMEA2398800;-;female;-;sensory neuron;normal;Homo sapiens;cell line;
ERC000026;normal;iPSC derived cell line;HipSci;SAMEA2398787;-;male;-;sensory neuron;normal;Homo sapiens;cell line;
ERC000026;normal;iPSC derived cell line;HipSci;SAMEA2398888;-;male;-;sensory neuron;normal;Homo sapiens;cell line;
ERC000026;normal;iPSC derived cell line;HipSci;SAMEA2399170;-;female;-;sensory neuron;normal;Homo sapiens;cell line;
ERC000026;normal;iPSC derived cell line;HipSci;SAMEA2398438;55-59;female;White - White British;sensory neuron;normal;Homo sapiens;cell line;
ERC000026;normal;iPSC derived cell line;HipSci;SAMEA2398093;-;female;-;sensory neuron;normal;Homo sapiens;cell line;
ERC000026;normal;iPSC derived cell line;HipSci;SAMEA2398454;-;male;-;sensory neuron;normal;Homo sapiens;cell line;
ERC000026;normal;iPSC derived cell line;HipSci;SAMEA2398454;-;male;-;sensory neuron;normal;Homo sapiens;cell line;
ERC000026;normal;iPSC derived cell line;HipSci;SAMEA2398888;-;male;-;sensory neuron;normal;Homo sapiens;cell line;
ERC000026;normal;iPSC derived cell line;HipSci;SAMEA2397940;-;female;-;sensory neuron;normal;Homo sapiens;cell line;
ERC000026;normal;iPSC derived cell line;HipSci;SAMEA2398882;-;male;-;sensory neuron;normal;Homo sapiens;cell line;
ERC000026;normal;iPSC derived cell line;HipSci;SAMEA2398589;-;female;-;sensory neuron;normal;Homo sapiens;cell line;
ERC000026;normal;iPSC derived cell line;HipSci;SAMEA2398751;-;female;-;sensory neuron;normal;Homo sapiens;cell line;
ERC000026;normal;iPSC derived cell line;HipSci;SAMEA2398902;-;male;-;sensory neuron;normal;Homo sapiens;cell line;
ERC000026;normal;iPSC derived cell line;HipSci;SAMEA2399169;-;male;-;sensory neuron;normal;Homo sapiens;cell line;
ERC000026;normal;iPSC derived cell line;HipSci;SAMEA2399253;-;male;-;sensory neuron;normal;Homo sapiens;cell line;
ERC000026;normal;iPSC derived cell line;HipSci;SAMEA2398506;-;male;-;sensory neuron;normal;Homo sapiens;cell line;
ERC000026;normal;iPSC derived cell line;HipSci;SAMEA2398800;-;female;-;sensory neuron;normal;Homo sapiens;cell line;
ERC000026;normal;iPSC derived cell line;HipSci;SAMEA2398787;-;male;-;sensory neuron;normal;Homo sapiens;cell line;
ERC000026;normal;iPSC derived cell line;HipSci;SAMEA2398888;-;male;-;sensory neuron;normal;Homo sapiens;cell line;
ERC000026;normal;iPSC derived cell line;HipSci;SAMEA2399170;-;female;-;sensory neuron;normal;Homo sapiens;cell line;
ERC000026;normal;iPSC derived cell line;HipSci;SAMEA2398438;55-59;female;White - White British;sensory neuron;normal;Homo sapiens;cell line;
ERC000026;normal;iPSC derived cell line;HipSci;SAMEA2398093;-;female;-;sensory neuron;normal;Homo sapiens;cell line;
ERC000026;normal;iPSC derived cell line;HipSci;SAMEA2398454;-;male;-;sensory neuron;normal;Homo sapiens;cell line;
ERC000026;normal;iPSC derived cell line;HipSci;SAMEA2398454;-;male;-;sensory neuron;normal;Homo sapiens;cell line;
ERC000026;normal;iPSC derived cell line;HipSci;SAMEA2398888;-;male;-;sensory neuron;normal;Homo sapiens;cell line;
ERC000026;normal;iPSC derived cell line;HipSci;SAMEA2398438;55-59;female;White - White British;sensory neuron;normal;Homo sapiens;cell line;
ERC000026;normal;iPSC derived cell line;HipSci;SAMEA2399170;-;female;-;sensory neuron;normal;Homo sapiens;cell line;
ERC000026;normal;iPSC derived cell line;HipSci;SAMEA2398093;-;female;-;sensory neuron;normal;Homo sapiens;cell line;
ERC000026;normal;iPSC derived cell line;HipSci;SAMEA2398431;-;male;-;sensory neuron;normal;Homo sapiens;cell line;
ERC000026;normal;iPSC derived cell line;HipSci;SAMEA2399272;-;female;-;sensory neuron;normal;Homo sapiens;cell line;
ERC000026;normal;iPSC derived cell line;HipSci;SAMEA2397804;-;female;-;sensory neuron;normal;Homo sapiens;cell line;
ERC000026;normal;iPSC derived cell line;HipSci;SAMEA2397804;-;female;-;sensory neuron;normal;Homo sapiens;cell line;
ERC000026;normal;iPSC derived cell line;HipSci;SAMEA2398902;-;male;-;sensory neuron;normal;Homo sapiens;cell line;
ERC000026;normal;iPSC derived cell line;HipSci;SAMEA2397938;-;female;-;sensory neuron;normal;Homo sapiens;cell line;
ERC000026;normal;iPSC derived cell line;HipSci;SAMEA2397981;-;male;-;sensory neuron;normal;Homo sapiens;cell line;
ERC000026;normal;iPSC derived cell line;HipSci;SAMEA2397981;-;male;-;sensory neuron;normal;Homo sapiens;cell line;
ERC000026;normal;iPSC derived cell line;HipSci;SAMEA2398454;-;male;-;sensory neuron;normal;Homo sapiens;cell line;
ERC000026;normal;iPSC derived cell line;HipSci;SAMEA2398454;-;male;-;sensory neuron;normal;Homo sapiens;cell line;
ERC000026;normal;iPSC derived cell line;HipSci;SAMEA2398654;-;female;-;sensory neuron;normal;Homo sapiens;cell line;
ERC000026;normal;iPSC derived cell line;HipSci;SAMEA2398564;-;female;-;sensory neuron;normal;Homo sapiens;cell line;
ERC000026;normal;iPSC derived cell line;HipSci;SAMEA2398882;-;male;-;sensory neuron;normal;Homo sapiens;cell line;
ERC000026;normal;iPSC derived cell line;HipSci;SAMEA2444548;40-44;male;-;sensory neuron;normal;Homo sapiens;cell line;
ERC000026;normal;iPSC derived cell line;HipSci;SAMEA2398438;55-59;female;White - White British;sensory neuron;normal;Homo sapiens;cell line;
ERC000026;normal;iPSC derived cell line;HipSci;SAMEA2399170;-;female;-;sensory neuron;normal;Homo sapiens;cell line;
ERC000026;normal;iPSC derived cell line;HipSci;SAMEA2398093;-;female;-;sensory neuron;normal;Homo sapiens;cell line;
ERC000026;normal;iPSC derived cell line;HipSci;SAMEA2398431;-;male;-;sensory neuron;normal;Homo sapiens;cell line;
ERC000026;normal;iPSC derived cell line;HipSci;SAMEA2399272;-;female;-;sensory neuron;normal;Homo sapiens;cell line;
ERC000026;normal;iPSC derived cell line;HipSci;SAMEA2397804;-;female;-;sensory neuron;normal;Homo sapiens;cell line;
ERC000026;normal;iPSC derived cell line;HipSci;SAMEA2397804;-;female;-;sensory neuron;normal;Homo sapiens;cell line;
ERC000026;normal;iPSC derived cell line;HipSci;SAMEA2398902;-;male;-;sensory neuron;normal;Homo sapiens;cell line;
ERC000026;normal;iPSC derived cell line;HipSci;SAMEA2397938;-;female;-;sensory neuron;normal;Homo sapiens;cell line;
ERC000026;normal;iPSC derived cell line;HipSci;SAMEA2397981;-;male;-;sensory neuron;normal;Homo sapiens;cell line;
ERC000026;normal;iPSC derived cell line;HipSci;SAMEA2397981;-;male;-;sensory neuron;normal;Homo sapiens;cell line;
ERC000026;normal;iPSC derived cell line;HipSci;SAMEA2398454;-;male;-;sensory neuron;normal;Homo sapiens;cell line;
ERC000026;normal;iPSC derived cell line;HipSci;SAMEA2398454;-;male;-;sensory neuron;normal;Homo sapiens;cell line;
ERC000026;normal;iPSC derived cell line;HipSci;SAMEA2398654;-;female;-;sensory neuron;normal;Homo sapiens;cell line;
ERC000026;normal;iPSC derived cell line;HipSci;SAMEA2398564;-;female;-;sensory neuron;normal;Homo sapiens;cell line;
ERC000026;normal;iPSC derived cell line;HipSci;SAMEA2398882;-;male;-;sensory neuron;normal;Homo sapiens;cell line;
ERC000026;normal;iPSC derived cell line;HipSci;SAMEA2444548;40-44;male;-;sensory neuron;normal;Homo sapiens;cell line;
ERC000026;normal;iPSC derived cell line;HipSci;SAMEA2399170;-;female;-;sensory neuron;normal;Homo sapiens;cell line;
ERC000026;normal;iPSC derived cell line;HipSci;SAMEA2398093;-;female;-;sensory neuron;normal;Homo sapiens;cell line;
ERC000026;normal;iPSC derived cell line;HipSci;SAMEA2398431;-;male;-;sensory neuron;normal;Homo sapiens;cell line;
ERC000026;normal;iPSC derived cell line;HipSci;SAMEA2399272;-;female;-;sensory neuron;normal;Homo sapiens;cell line;
ERC000026;normal;iPSC derived cell line;HipSci;SAMEA2397804;-;female;-;sensory neuron;normal;Homo sapiens;cell line;
ERC000026;normal;iPSC derived cell line;HipSci;SAMEA2397804;-;female;-;sensory neuron;normal;Homo sapiens;cell line;
ERC000026;normal;iPSC derived cell line;HipSci;SAMEA2398902;-;male;-;sensory neuron;normal;Homo sapiens;cell line;
ERC000026;normal;iPSC derived cell line;HipSci;SAMEA2397938;-;female;-;sensory neuron;normal;Homo sapiens;cell line;
ERC000026;normal;iPSC derived cell line;HipSci;SAMEA2397981;-;male;-;sensory neuron;normal;Homo sapiens;cell line;
ERC000026;normal;iPSC derived cell line;HipSci;SAMEA2397981;-;male;-;sensory neuron;normal;Homo sapiens;cell line;
ERC000026;normal;iPSC derived cell line;HipSci;SAMEA2398454;-;male;-;sensory neuron;normal;Homo sapiens;cell line;
ERC000026;normal;iPSC derived cell line;HipSci;SAMEA2398454;-;male;-;sensory neuron;normal;Homo sapiens;cell line;
ERC000026;normal;iPSC derived cell line;HipSci;SAMEA2398654;-;female;-;sensory neuron;normal;Homo sapiens;cell line;
ERC000026;normal;iPSC derived cell line;HipSci;SAMEA2398564;-;female;-;sensory neuron;normal;Homo sapiens;cell line;
ERC000026;normal;iPSC derived cell line;HipSci;SAMEA2398882;-;male;-;sensory neuron;normal;Homo sapiens;cell line;
ERC000026;normal;iPSC derived cell line;HipSci;SAMEA2444548;40-44;male;-;sensory neuron;normal;Homo sapiens;cell line;
ERC000026;normal;iPSC derived cell line;HipSci;SAMEA2398438;55-59;female;White - White British;sensory neuron;normal;Homo sapiens;cell line;
ERC000026;normal;iPSC derived cell line;HipSci;SAMEA2399170;-;female;-;sensory neuron;normal;Homo sapiens;cell line;
ERC000026;normal;iPSC derived cell line;HipSci;SAMEA2398093;-;female;-;sensory neuron;normal;Homo sapiens;cell line;
ERC000026;normal;iPSC derived cell line;HipSci;SAMEA2398431;-;male;-;sensory neuron;normal;Homo sapiens;cell line;
ERC000026;normal;iPSC derived cell line;HipSci;SAMEA2399272;-;female;-;sensory neuron;normal;Homo sapiens;cell line;
ERC000026;normal;iPSC derived cell line;HipSci;SAMEA2397804;-;female;-;sensory neuron;normal;Homo sapiens;cell line;
ERC000026;normal;iPSC derived cell line;HipSci;SAMEA2397804;-;female;-;sensory neuron;normal;Homo sapiens;cell line;
ERC000026;normal;iPSC derived cell line;HipSci;SAMEA2398902;-;male;-;sensory neuron;normal;Homo sapiens;cell line;
ERC000026;normal;iPSC derived cell line;HipSci;SAMEA2397938;-;female;-;sensory neuron;normal;Homo sapiens;cell line;
ERC000026;normal;iPSC derived cell line;HipSci;SAMEA2397981;-;male;-;sensory neuron;normal;Homo sapiens;cell line;
ERC000026;normal;iPSC derived cell line;HipSci;SAMEA2397981;-;male;-;sensory neuron;normal;Homo sapiens;cell line;
ERC000026;normal;iPSC derived cell line;HipSci;SAMEA2398454;-;male;-;sensory neuron;normal;Homo sapiens;cell line;
ERC000026;normal;iPSC derived cell line;HipSci;SAMEA2398454;-;male;-;sensory neuron;normal;Homo sapiens;cell line;
ERC000026;normal;iPSC derived cell line;HipSci;SAMEA2398654;-;female;-;sensory neuron;normal;Homo sapiens;cell line;
ERC000026;normal;iPSC derived cell line;HipSci;SAMEA2398564;-;female;-;sensory neuron;normal;Homo sapiens;cell line;
ERC000026;normal;iPSC derived cell line;HipSci;SAMEA2398882;-;male;-;sensory neuron;normal;Homo sapiens;cell line;
ERC000026;normal;iPSC derived cell line;HipSci;SAMEA2444548;40-44;male;-;sensory neuron;normal;Homo sapiens;cell line;
ERC000026;normal;iPSC derived cell line;HipSci;SAMEA2398175;-;male;-;sensory neuron;normal;Homo sapiens;cell line;
ERC000026;normal;iPSC derived cell line;HipSci;SAMEA2399235;-;female;-;sensory neuron;normal;Homo sapiens;cell line;
ERC000026;normal;iPSC derived cell line;HipSci;SAMEA2398288;50-54;female;White - White British;sensory neuron;normal;Homo sapiens;cell line;
ERC000026;normal;iPSC derived cell line;HipSci;SAMEA2398529;-;female;-;sensory neuron;normal;Homo sapiens;cell line;
ERC000026;normal;iPSC derived cell line;HipSci;SAMEA2397814;-;male;-;sensory neuron;normal;Homo sapiens;cell line;
ERC000026;normal;iPSC derived cell line;HipSci;SAMEA2399069;-;female;-;sensory neuron;normal;Homo sapiens;cell line;
ERC000026;normal;iPSC derived cell line;HipSci;SAMEA2444543;45-49;female;-;sensory neuron;normal;Homo sapiens;cell line;
ERC000026;normal;iPSC derived cell line;HipSci;SAMEA2398585;-;female;-;sensory neuron;normal;Homo sapiens;cell line;
ERC000026;normal;iPSC derived cell line;HipSci;SAMEA2398438;55-59;female;White - White British;sensory neuron;normal;Homo sapiens;cell line;
ERC000026;normal;iPSC derived cell line;HipSci;SAMEA2398311;-;female;-;sensory neuron;normal;Homo sapiens;cell line;
ERC000026;normal;iPSC derived cell line;HipSci;SAMEA2398860;45-49;male;White - White British;sensory neuron;normal;Homo sapiens;cell line;
ERC000026;normal;iPSC derived cell line;HipSci;SAMEA2444542;40-44;male;-;sensory neuron;normal;Homo sapiens;cell line;
ERC000026;normal;iPSC derived cell line;HipSci;SAMEA2399254;40-44;male;White - White British;sensory neuron;normal;Homo sapiens;cell line;
ERC000026;normal;iPSC derived cell line;HipSci;SAMEA2398506;-;male;-;sensory neuron;normal;Homo sapiens;cell line;
ERC000026;normal;iPSC derived cell line;HipSci;SAMEA2398814;-;female;-;sensory neuron;normal;Homo sapiens;cell line;
ERC000026;normal;iPSC derived cell line;HipSci;SAMEA2398175;-;male;-;sensory neuron;normal;Homo sapiens;cell line;
ERC000026;normal;iPSC derived cell line;HipSci;SAMEA2399235;-;female;-;sensory neuron;normal;Homo sapiens;cell line;
ERC000026;normal;iPSC derived cell line;HipSci;SAMEA2398288;50-54;female;White - White British;sensory neuron;normal;Homo sapiens;cell line;
ERC000026;normal;iPSC derived cell line;HipSci;SAMEA2398529;-;female;-;sensory neuron;normal;Homo sapiens;cell line;
ERC000026;normal;iPSC derived cell line;HipSci;SAMEA2397814;-;male;-;sensory neuron;normal;Homo sapiens;cell line;
ERC000026;normal;iPSC derived cell line;HipSci;SAMEA2399069;-;female;-;sensory neuron;normal;Homo sapiens;cell line;
ERC000026;normal;iPSC derived cell line;HipSci;SAMEA2444543;45-49;female;-;sensory neuron;normal;Homo sapiens;cell line;
ERC000026;normal;iPSC derived cell line;HipSci;SAMEA2398585;-;female;-;sensory neuron;normal;Homo sapiens;cell line;
ERC000026;normal;iPSC derived cell line;HipSci;SAMEA2398438;55-59;female;White - White British;sensory neuron;normal;Homo sapiens;cell line;
ERC000026;normal;iPSC derived cell line;HipSci;SAMEA2398311;-;female;-;sensory neuron;normal;Homo sapiens;cell line;
ERC000026;normal;iPSC derived cell line;HipSci;SAMEA2398860;45-49;male;White - White British;sensory neuron;normal;Homo sapiens;cell line;
ERC000026;normal;iPSC derived cell line;HipSci;SAMEA2444542;40-44;male;-;sensory neuron;normal;Homo sapiens;cell line;
ERC000026;normal;iPSC derived cell line;HipSci;SAMEA2399254;40-44;male;White - White British;sensory neuron;normal;Homo sapiens;cell line;
ERC000026;normal;iPSC derived cell line;HipSci;SAMEA2398506;-;male;-;sensory neuron;normal;Homo sapiens;cell line;
ERC000026;normal;iPSC derived cell line;HipSci;SAMEA2398814;-;female;-;sensory neuron;normal;Homo sapiens;cell line;
ERC000026;normal;iPSC derived cell line;HipSci;SAMEA2398175;-;male;-;sensory neuron;normal;Homo sapiens;cell line;
ERC000026;normal;iPSC derived cell line;HipSci;SAMEA2399235;-;female;-;sensory neuron;normal;Homo sapiens;cell line;
ERC000026;normal;iPSC derived cell line;HipSci;SAMEA2398288;50-54;female;White - White British;sensory neuron;normal;Homo sapiens;cell line;
ERC000026;normal;iPSC derived cell line;HipSci;SAMEA2398529;-;female;-;sensory neuron;normal;Homo sapiens;cell line;
ERC000026;normal;iPSC derived cell line;HipSci;SAMEA2397814;-;male;-;sensory neuron;normal;Homo sapiens;cell line;
ERC000026;normal;iPSC derived cell line;HipSci;SAMEA2399069;-;female;-;sensory neuron;normal;Homo sapiens;cell line;
ERC000026;normal;iPSC derived cell line;HipSci;SAMEA2444543;45-49;female;-;sensory neuron;normal;Homo sapiens;cell line;
ERC000026;normal;iPSC derived cell line;HipSci;SAMEA2398585;-;female;-;sensory neuron;normal;Homo sapiens;cell line;
ERC000026;normal;iPSC derived cell line;HipSci;SAMEA2398438;55-59;female;White - White British;sensory neuron;normal;Homo sapiens;cell line;
ERC000026;normal;iPSC derived cell line;HipSci;SAMEA2398311;-;female;-;sensory neuron;normal;Homo sapiens;cell line;
ERC000026;normal;iPSC derived cell line;HipSci;SAMEA2398860;45-49;male;White - White British;sensory neuron;normal;Homo sapiens;cell line;
ERC000026;normal;iPSC derived cell line;HipSci;SAMEA2444542;40-44;male;-;sensory neuron;normal;Homo sapiens;cell line;
ERC000026;normal;iPSC derived cell line;HipSci;SAMEA2399254;40-44;male;White - White British;sensory neuron;normal;Homo sapiens;cell line;
ERC000026;normal;iPSC derived cell line;HipSci;SAMEA2398506;-;male;-;sensory neuron;normal;Homo sapiens;cell line;
ERC000026;normal;iPSC derived cell line;HipSci;SAMEA2398814;-;female;-;sensory neuron;normal;Homo sapiens;cell line;
ERC000026;normal;iPSC derived cell line;HipSci;SAMEA2398175;-;male;-;sensory neuron;normal;Homo sapiens;cell line;
ERC000026;normal;iPSC derived cell line;HipSci;SAMEA2399235;-;female;-;sensory neuron;normal;Homo sapiens;cell line;
ERC000026;normal;iPSC derived cell line;HipSci;SAMEA2398288;50-54;female;White - White British;sensory neuron;normal;Homo sapiens;cell line;
ERC000026;normal;iPSC derived cell line;HipSci;SAMEA2398529;-;female;-;sensory neuron;normal;Homo sapiens;cell line;
ERC000026;normal;iPSC derived cell line;HipSci;SAMEA2397814;-;male;-;sensory neuron;normal;Homo sapiens;cell line;
ERC000026;normal;iPSC derived cell line;HipSci;SAMEA2399069;-;female;-;sensory neuron;normal;Homo sapiens;cell line;
ERC000026;normal;iPSC derived cell line;HipSci;SAMEA2444543;45-49;female;-;sensory neuron;normal;Homo sapiens;cell line;
ERC000026;normal;iPSC derived cell line;HipSci;SAMEA2398585;-;female;-;sensory neuron;normal;Homo sapiens;cell line;
ERC000026;normal;iPSC derived cell line;HipSci;SAMEA2398438;55-59;female;White - White British;sensory neuron;normal;Homo sapiens;cell line;
ERC000026;normal;iPSC derived cell line;HipSci;SAMEA2398311;-;female;-;sensory neuron;normal;Homo sapiens;cell line;
ERC000026;normal;iPSC derived cell line;HipSci;SAMEA2398860;45-49;male;White - White British;sensory neuron;normal;Homo sapiens;cell line;
ERC000026;normal;iPSC derived cell line;HipSci;SAMEA2444542;40-44;male;-;sensory neuron;normal;Homo sapiens;cell line;
ERC000026;normal;iPSC derived cell line;HipSci;SAMEA2399254;40-44;male;White - White British;sensory neuron;normal;Homo sapiens;cell line;
ERC000026;normal;iPSC derived cell line;HipSci;SAMEA2398506;-;male;-;sensory neuron;normal;Homo sapiens;cell line;
ERC000026;normal;iPSC derived cell line;HipSci;SAMEA2398814;-;female;-;sensory neuron;normal;Homo sapiens;cell line;
ERC000026;normal;iPSC derived cell line;HipSci;SAMEA2397805;50-54;female;White - White British;sensory neuron;normal;Homo sapiens;cell line;
ERC000026;normal;iPSC derived cell line;HipSci;SAMEA2397805;50-54;female;White - White British;sensory neuron;normal;Homo sapiens;cell line;
ERC000026;normal;iPSC derived cell line;HipSci;SAMEA2398937;-;female;-;sensory neuron;normal;Homo sapiens;cell line;
ERC000026;normal;iPSC derived cell line;HipSci;SAMEA2397863;30-34;female;White - Other;sensory neuron;normal;Homo sapiens;cell line;
ERC000026;normal;iPSC derived cell line;HipSci;SAMEA2398030;-;female;-;sensory neuron;normal;Homo sapiens;cell line;
ERC000026;normal;iPSC derived cell line;HipSci;SAMEA2397940;-;female;-;sensory neuron;normal;Homo sapiens;cell line;
ERC000026;normal;iPSC derived cell line;HipSci;SAMEA2398962;65-69;female;White - White British;sensory neuron;normal;Homo sapiens;cell line;
ERC000026;normal;iPSC derived cell line;HipSci;SAMEA2397865;-;female;-;sensory neuron;normal;Homo sapiens;cell line;
ERC000026;normal;iPSC derived cell line;HipSci;SAMEA2398888;-;male;-;sensory neuron;normal;Homo sapiens;cell line;
ERC000026;normal;iPSC derived cell line;HipSci;SAMEA2397805;50-54;female;White - White British;sensory neuron;normal;Homo sapiens;cell line;
ERC000026;normal;iPSC derived cell line;HipSci;SAMEA2398937;-;female;-;sensory neuron;normal;Homo sapiens;cell line;
ERC000026;normal;iPSC derived cell line;HipSci;SAMEA2397863;30-34;female;White - Other;sensory neuron;normal;Homo sapiens;cell line;
ERC000026;normal;iPSC derived cell line;HipSci;SAMEA2398030;-;female;-;sensory neuron;normal;Homo sapiens;cell line;
ERC000026;normal;iPSC derived cell line;HipSci;SAMEA2397940;-;female;-;sensory neuron;normal;Homo sapiens;cell line;
ERC000026;normal;iPSC derived cell line;HipSci;SAMEA2398962;65-69;female;White - White British;sensory neuron;normal;Homo sapiens;cell line;
ERC000026;normal;iPSC derived cell line;HipSci;SAMEA2397865;-;female;-;sensory neuron;normal;Homo sapiens;cell line;
ERC000026;normal;iPSC derived cell line;HipSci;SAMEA2398888;-;male;-;sensory neuron;normal;Homo sapiens;cell line;
ERC000026;normal;iPSC derived cell line;HipSci;SAMEA2398216;-;male;-;sensory neuron;normal;Homo sapiens;cell line;
ERC000026;normal;iPSC derived cell line;HipSci;SAMEA2399253;-;male;-;sensory neuron;normal;Homo sapiens;cell line;
ERC000026;normal;iPSC derived cell line;HipSci;SAMEA2398835;-;male;-;sensory neuron;normal;Homo sapiens;cell line;
ERC000026;bardet-biedl syndrome;iPSC derived cell line;HipSci;SAMEA2398140;35-39;male;White - White British;sensory neuron;normal;Homo sapiens;cell line;
ERC000026;normal;iPSC derived cell line;HipSci;SAMEA2398193;-;female;-;sensory neuron;normal;Homo sapiens;cell line;
ERC000026;normal;iPSC derived cell line;HipSci;SAMEA2397928;-;female;-;sensory neuron;normal;Homo sapiens;cell line;
ERC000026;normal;iPSC derived cell line;HipSci;SAMEA2398604;-;female;-;sensory neuron;normal;Homo sapiens;cell line;
ERC000026;normal;iPSC derived cell line;HipSci;SAMEA2444538;45-49;female;-;sensory neuron;normal;Homo sapiens;cell line;
ERC000026;normal;iPSC derived cell line;HipSci;SAMEA2398092;60-64;male;White - White British;sensory neuron;normal;Homo sapiens;cell line;
ERC000026;normal;iPSC derived cell line;HipSci;SAMEA2398216;-;male;-;sensory neuron;normal;Homo sapiens;cell line;
ERC000026;normal;iPSC derived cell line;HipSci;SAMEA2399253;-;male;-;sensory neuron;normal;Homo sapiens;cell line;
ERC000026;normal;iPSC derived cell line;HipSci;SAMEA2398835;-;male;-;sensory neuron;normal;Homo sapiens;cell line;
ERC000026;bardet-biedl syndrome;iPSC derived cell line;HipSci;SAMEA2398140;35-39;male;White - White British;sensory neuron;normal;Homo sapiens;cell line;
ERC000026;normal;iPSC derived cell line;HipSci;SAMEA2398193;-;female;-;sensory neuron;normal;Homo sapiens;cell line;
ERC000026;normal;iPSC derived cell line;HipSci;SAMEA2397928;-;female;-;sensory neuron;normal;Homo sapiens;cell line;
ERC000026;normal;iPSC derived cell line;HipSci;SAMEA2398604;-;female;-;sensory neuron;normal;Homo sapiens;cell line;
ERC000026;normal;iPSC derived cell line;HipSci;SAMEA2444538;45-49;female;-;sensory neuron;normal;Homo sapiens;cell line;
ERC000026;normal;iPSC derived cell line;HipSci;SAMEA2398092;60-64;male;White - White British;sensory neuron;normal;Homo sapiens;cell line;
ERC000026;normal;iPSC derived cell line;HipSci;SAMEA2399018;-;male;-;sensory neuron;normal;Homo sapiens;cell line;
ERC000026;normal;iPSC derived cell line;HipSci;SAMEA2397821;-;female;-;sensory neuron;normal;Homo sapiens;cell line;
ERC000026;normal;iPSC derived cell line;HipSci;SAMEA2398337;-;female;-;sensory neuron;normal;Homo sapiens;cell line;
ERC000026;normal;iPSC derived cell line;HipSci;SAMEA2399129;-;female;-;sensory neuron;normal;Homo sapiens;cell line;
ERC000026;normal;iPSC derived cell line;HipSci;SAMEA2397821;-;female;-;sensory neuron;normal;Homo sapiens;cell line;
ERC000026;normal;iPSC derived cell line;HipSci;SAMEA2399129;-;female;-;sensory neuron;normal;Homo sapiens;cell line;
ERC000026;normal;iPSC derived cell line;HipSci;SAMEA2397821;-;female;-;sensory neuron;normal;Homo sapiens;cell line;
ERC000026;normal;iPSC derived cell line;HipSci;SAMEA2399129;-;female;-;sensory neuron;normal;Homo sapiens;cell line;
ERC000026;normal;iPSC derived cell line;HipSci;SAMEA2397821;-;female;-;sensory neuron;normal;Homo sapiens;cell line;
ERC000026;normal;iPSC derived cell line;HipSci;SAMEA2399018;-;male;-;sensory neuron;normal;Homo sapiens;cell line;
ERC000026;normal;iPSC derived cell line;HipSci;SAMEA2398337;-;female;-;sensory neuron;normal;Homo sapiens;cell line;
ERC000026;normal;iPSC derived cell line;HipSci;SAMEA2399018;-;male;-;sensory neuron;normal;Homo sapiens;cell line;
ERC000026;normal;iPSC derived cell line;HipSci;SAMEA2398337;-;female;-;sensory neuron;normal;Homo sapiens;cell line;
ERC000026;normal;iPSC derived cell line;HipSci;SAMEA2399018;-;male;-;sensory neuron;normal;Homo sapiens;cell line;
ERC000026;normal;iPSC derived cell line;HipSci;SAMEA2398337;-;female;-;sensory neuron;normal;Homo sapiens;cell line;
ERC000026;normal;iPSC derived cell line;HipSci;SAMEA2399018;-;male;-;sensory neuron;normal;Homo sapiens;cell line;
ERC000026;normal;iPSC derived cell line;HipSci;SAMEA2397821;-;female;-;sensory neuron;normal;Homo sapiens;cell line;
ERC000026;normal;iPSC derived cell line;HipSci;SAMEA2398337;-;female;-;sensory neuron;normal;Homo sapiens;cell line;
ERC000026;normal;iPSC derived cell line;HipSci;SAMEA2399018;-;male;-;sensory neuron;normal;Homo sapiens;cell line;
ERC000026;normal;iPSC derived cell line;HipSci;SAMEA2397821;-;female;-;sensory neuron;normal;Homo sapiens;cell line;
ERC000026;normal;iPSC derived cell line;HipSci;SAMEA2398337;-;female;-;sensory neuron;normal;Homo sapiens;cell line;
ERC000026;normal;iPSC derived cell line;HipSci;SAMEA2399018;-;male;-;sensory neuron;normal;Homo sapiens;cell line;
ERC000026;normal;iPSC derived cell line;HipSci;SAMEA2397821;-;female;-;sensory neuron;normal;Homo sapiens;cell line;
ERC000026;normal;iPSC derived cell line;HipSci;SAMEA2398337;-;female;-;sensory neuron;normal;Homo sapiens;cell line;
ERC000026;normal;iPSC derived cell line;HipSci;SAMEA2399018;-;male;-;sensory neuron;normal;Homo sapiens;cell line;
ERC000026;normal;iPSC derived cell line;HipSci;SAMEA2397821;-;female;-;sensory neuron;normal;Homo sapiens;cell line;
ERC000026;normal;iPSC derived cell line;HipSci;SAMEA2398337;-;female;-;sensory neuron;normal;Homo sapiens;cell line;
ERC000026;normal;iPSC derived cell line;HipSci;SAMEA2399018;-;male;-;sensory neuron;normal;Homo sapiens;cell line;
ERC000026;normal;iPSC derived cell line;HipSci;SAMEA2397821;-;female;-;sensory neuron;normal;Homo sapiens;cell line;
ERC000026;normal;iPSC derived cell line;HipSci;SAMEA2398337;-;female;-;sensory neuron;normal;Homo sapiens;cell line;
ERC000026;normal;iPSC derived cell line;HipSci;SAMEA2399018;-;male;-;sensory neuron;normal;Homo sapiens;cell line;
ERC000026;normal;iPSC derived cell line;HipSci;SAMEA2397821;-;female;-;sensory neuron;normal;Homo sapiens;cell line;
ERC000026;normal;iPSC derived cell line;HipSci;SAMEA2398337;-;female;-;sensory neuron;normal;Homo sapiens;cell line;
ERC000026;normal;iPSC derived cell line;HipSci;SAMEA2399018;-;male;-;sensory neuron;normal;Homo sapiens;cell line;
ERC000026;normal;iPSC derived cell line;HipSci;SAMEA2397821;-;female;-;sensory neuron;normal;Homo sapiens;cell line;
ERC000026;normal;iPSC derived cell line;HipSci;SAMEA2398337;-;female;-;sensory neuron;normal;Homo sapiens;cell line;
ERC000026;normal;iPSC derived cell line;HipSci;SAMEA2399018;-;male;-;sensory neuron;normal;Homo sapiens;cell line;
ERC000026;normal;iPSC derived cell line;HipSci;SAMEA2397821;-;female;-;sensory neuron;normal;Homo sapiens;cell line;
ERC000026;normal;iPSC derived cell line;HipSci;SAMEA2398337;-;female;-;sensory neuron;normal;Homo sapiens;cell line;
ERC000026;normal;iPSC derived cell line;HipSci;SAMEA2399018;-;male;-;sensory neuron;normal;Homo sapiens;cell line;
ERC000026;normal;iPSC derived cell line;HipSci;SAMEA2397821;-;female;-;sensory neuron;normal;Homo sapiens;cell line;
ERC000026;normal;iPSC derived cell line;HipSci;SAMEA2398337;-;female;-;sensory neuron;normal;Homo sapiens;cell line;
ERC000026;normal;iPSC derived cell line;HipSci;SAMEA2399018;-;male;-;sensory neuron;normal;Homo sapiens;cell line;
ERC000026;normal;iPSC derived cell line;HipSci;SAMEA2397821;-;female;-;sensory neuron;normal;Homo sapiens;cell line;
ERC000026;normal;iPSC derived cell line;HipSci;SAMEA2398337;-;female;-;sensory neuron;normal;Homo sapiens;cell line;
ERC000026;normal;iPSC derived cell line;HipSci;SAMEA2398997;60-64;female;White - White British;sensory neuron;normal;Homo sapiens;cell line;
ERC000026;normal;iPSC derived cell line;HipSci;SAMEA2397926;-;female;-;sensory neuron;normal;Homo sapiens;cell line;
ERC000026;normal;iPSC derived cell line;HipSci;SAMEA2398997;60-64;female;White - White British;sensory neuron;normal;Homo sapiens;cell line;
ERC000026;normal;iPSC derived cell line;HipSci;SAMEA2398437;60-64;female;White - White British;sensory neuron;normal;Homo sapiens;cell line;
ERC000026;normal;iPSC derived cell line;HipSci;SAMEA2397926;-;female;-;sensory neuron;normal;Homo sapiens;cell line;
ERC000026;normal;iPSC derived cell line;HipSci;SAMEA2398840;65-69;female;White - White British;sensory neuron;normal;Homo sapiens;cell line;
ERC000026;normal;iPSC derived cell line;HipSci;SAMEA2444543;45-49;female;-;sensory neuron;normal;Homo sapiens;cell line;
ERC000026;normal;iPSC derived cell line;HipSci;SAMEA2397926;-;female;-;sensory neuron;normal;Homo sapiens;cell line;
ERC000026;normal;iPSC derived cell line;HipSci;SAMEA2398997;60-64;female;White - White British;sensory neuron;normal;Homo sapiens;cell line;
ERC000026;normal;iPSC derived cell line;HipSci;SAMEA2398997;60-64;female;White - White British;sensory neuron;normal;Homo sapiens;cell line;
ERC000026;normal;iPSC derived cell line;HipSci;SAMEA2397926;-;female;-;sensory neuron;normal;Homo sapiens;cell line;
ERC000026;normal;iPSC derived cell line;HipSci;SAMEA2398997;60-64;female;White - White British;sensory neuron;normal;Homo sapiens;cell line;
ERC000026;normal;iPSC derived cell line;HipSci;SAMEA2398437;60-64;female;White - White British;sensory neuron;normal;Homo sapiens;cell line;
ERC000026;normal;iPSC derived cell line;HipSci;SAMEA2397926;-;female;-;sensory neuron;normal;Homo sapiens;cell line;
ERC000026;normal;iPSC derived cell line;HipSci;SAMEA2398840;65-69;female;White - White British;sensory neuron;normal;Homo sapiens;cell line;
ERC000026;normal;iPSC derived cell line;HipSci;SAMEA2444543;45-49;female;-;sensory neuron;normal;Homo sapiens;cell line;
ERC000026;normal;iPSC derived cell line;HipSci;SAMEA2397926;-;female;-;sensory neuron;normal;Homo sapiens;cell line;
ERC000026;normal;iPSC derived cell line;HipSci;SAMEA2398997;60-64;female;White - White British;sensory neuron;normal;Homo sapiens;cell line;
ERC000026;normal;iPSC derived cell line;HipSci;SAMEA2398997;60-64;female;White - White British;sensory neuron;normal;Homo sapiens;cell line;
ERC000026;normal;iPSC derived cell line;HipSci;SAMEA2397926;-;female;-;sensory neuron;normal;Homo sapiens;cell line;
ERC000026;normal;iPSC derived cell line;HipSci;SAMEA2398997;60-64;female;White - White British;sensory neuron;normal;Homo sapiens;cell line;
ERC000026;normal;iPSC derived cell line;HipSci;SAMEA2398437;60-64;female;White - White British;sensory neuron;normal;Homo sapiens;cell line;
ERC000026;normal;iPSC derived cell line;HipSci;SAMEA2397926;-;female;-;sensory neuron;normal;Homo sapiens;cell line;
ERC000026;normal;iPSC derived cell line;HipSci;SAMEA2398840;65-69;female;White - White British;sensory neuron;normal;Homo sapiens;cell line;
ERC000026;normal;iPSC derived cell line;HipSci;SAMEA2444543;45-49;female;-;sensory neuron;normal;Homo sapiens;cell line;
ERC000026;normal;iPSC derived cell line;HipSci;SAMEA2397926;-;female;-;sensory neuron;normal;Homo sapiens;cell line;
ERC000026;normal;iPSC derived cell line;HipSci;SAMEA2398997;60-64;female;White - White British;sensory neuron;normal;Homo sapiens;cell line;
ERC000026;normal;iPSC derived cell line;HipSci;SAMEA2398997;60-64;female;White - White British;sensory neuron;normal;Homo sapiens;cell line;
ERC000026;normal;iPSC derived cell line;HipSci;SAMEA2397926;-;female;-;sensory neuron;normal;Homo sapiens;cell line;
ERC000026;normal;iPSC derived cell line;HipSci;SAMEA2398997;60-64;female;White - White British;sensory neuron;normal;Homo sapiens;cell line;
ERC000026;normal;iPSC derived cell line;HipSci;SAMEA2398437;60-64;female;White - White British;sensory neuron;normal;Homo sapiens;cell line;
ERC000026;normal;iPSC derived cell line;HipSci;SAMEA2397926;-;female;-;sensory neuron;normal;Homo sapiens;cell line;
ERC000026;normal;iPSC derived cell line;HipSci;SAMEA2398840;65-69;female;White - White British;sensory neuron;normal;Homo sapiens;cell line;
ERC000026;normal;iPSC derived cell line;HipSci;SAMEA2444543;45-49;female;-;sensory neuron;normal;Homo sapiens;cell line;
ERC000026;normal;iPSC derived cell line;HipSci;SAMEA2397926;-;female;-;sensory neuron;normal;Homo sapiens;cell line;
ERC000026;normal;iPSC derived cell line;HipSci;SAMEA2398997;60-64;female;White - White British;sensory neuron;normal;Homo sapiens;cell line;
ERC000026;normal;iPSC derived cell line;HipSci;SAMEA2397926;-;female;-;sensory neuron;normal;Homo sapiens;cell line;
ERC000026;normal;iPSC derived cell line;HipSci;SAMEA2398997;60-64;female;White - White British;sensory neuron;normal;Homo sapiens;cell line;
ERC000026;normal;iPSC derived cell line;HipSci;SAMEA2398437;60-64;female;White - White British;sensory neuron;normal;Homo sapiens;cell line;
ERC000026;normal;iPSC derived cell line;HipSci;SAMEA2398840;65-69;female;White - White British;sensory neuron;normal;Homo sapiens;cell line;
ERC000026;normal;iPSC derived cell line;HipSci;SAMEA2397926;-;female;-;sensory neuron;normal;Homo sapiens;cell line;
ERC000026;normal;iPSC derived cell line;HipSci;SAMEA2398997;60-64;female;White - White British;sensory neuron;normal;Homo sapiens;cell line;
ERC000026;normal;iPSC derived cell line;HipSci;SAMEA2398437;60-64;female;White - White British;sensory neuron;normal;Homo sapiens;cell line;
ERC000026;normal;iPSC derived cell line;HipSci;SAMEA2398840;65-69;female;White - White British;sensory neuron;normal;Homo sapiens;cell line;
ERC000026;normal;iPSC derived cell line;HipSci;SAMEA2397926;-;female;-;sensory neuron;normal;Homo sapiens;cell line;
ERC000026;normal;iPSC derived cell line;HipSci;SAMEA2398997;60-64;female;White - White British;sensory neuron;normal;Homo sapiens;cell line;
ERC000026;normal;iPSC derived cell line;HipSci;SAMEA2398437;60-64;female;White - White British;sensory neuron;normal;Homo sapiens;cell line;
ERC000026;normal;iPSC derived cell line;HipSci;SAMEA2398840;65-69;female;White - White British;sensory neuron;normal;Homo sapiens;cell line;
ERC000026;normal;iPSC derived cell line;HipSci;SAMEA2397926;-;female;-;sensory neuron;normal;Homo sapiens;cell line;
ERC000026;normal;iPSC derived cell line;HipSci;SAMEA2398997;60-64;female;White - White British;sensory neuron;normal;Homo sapiens;cell line;
ERC000026;normal;iPSC derived cell line;HipSci;SAMEA2398437;60-64;female;White - White British;sensory neuron;normal;Homo sapiens;cell line;
ERC000026;normal;iPSC derived cell line;HipSci;SAMEA2398840;65-69;female;White - White British;sensory neuron;normal;Homo sapiens;cell line;
ERC000026;normal;iPSC derived cell line;HipSci;SAMEA2397926;-;female;-;sensory neuron;normal;Homo sapiens;cell line;
ERC000026;normal;iPSC derived cell line;HipSci;SAMEA2398997;60-64;female;White - White British;sensory neuron;normal;Homo sapiens;cell line;
ERC000026;normal;iPSC derived cell line;HipSci;SAMEA2398437;60-64;female;White - White British;sensory neuron;normal;Homo sapiens;cell line;
ERC000026;normal;iPSC derived cell line;HipSci;SAMEA2398840;65-69;female;White - White British;sensory neuron;normal;Homo sapiens;cell line;
ERC000026;normal;iPSC derived cell line;HipSci;SAMEA2397940;-;female;-;sensory neuron;normal;Homo sapiens;cell line;
ERC000026;normal;iPSC derived cell line;HipSci;SAMEA2398882;-;male;-;sensory neuron;normal;Homo sapiens;cell line;
ERC000026;normal;iPSC derived cell line;HipSci;SAMEA2398589;-;female;-;sensory neuron;normal;Homo sapiens;cell line;
ERC000026;normal;iPSC derived cell line;HipSci;SAMEA2398751;-;female;-;sensory neuron;normal;Homo sapiens;cell line;
ERC000026;normal;iPSC derived cell line;HipSci;SAMEA2398902;-;male;-;sensory neuron;normal;Homo sapiens;cell line;
ERC000026;normal;iPSC derived cell line;HipSci;SAMEA2399169;-;male;-;sensory neuron;normal;Homo sapiens;cell line;
