EGAS00001001265	cis-eQTL mapping of human pancreatic islets	Metagenomics	EGAZ00001094490	SEQUENCE_VARIATION	Islet cis-eQTL Mapping Study Variation Calls	EGAN00001277831	1	SAMEA3402280
EGAS00001001265	cis-eQTL mapping of human pancreatic islets	Metagenomics	EGAZ00001094490	SEQUENCE_VARIATION	Islet cis-eQTL Mapping Study Variation Calls	EGAN00001277832	2	SAMEA3402281
EGAS00001001265	cis-eQTL mapping of human pancreatic islets	Metagenomics	EGAZ00001094490	SEQUENCE_VARIATION	Islet cis-eQTL Mapping Study Variation Calls	EGAN00001277833	3	SAMEA3402282
EGAS00001001265	cis-eQTL mapping of human pancreatic islets	Metagenomics	EGAZ00001094490	SEQUENCE_VARIATION	Islet cis-eQTL Mapping Study Variation Calls	EGAN00001277834	4	SAMEA3402283
EGAS00001001265	cis-eQTL mapping of human pancreatic islets	Metagenomics	EGAZ00001094490	SEQUENCE_VARIATION	Islet cis-eQTL Mapping Study Variation Calls	EGAN00001277835	5	SAMEA3402284
EGAS00001001265	cis-eQTL mapping of human pancreatic islets	Metagenomics	EGAZ00001094490	SEQUENCE_VARIATION	Islet cis-eQTL Mapping Study Variation Calls	EGAN00001277836	6	SAMEA3402285
EGAS00001001265	cis-eQTL mapping of human pancreatic islets	Metagenomics	EGAZ00001094490	SEQUENCE_VARIATION	Islet cis-eQTL Mapping Study Variation Calls	EGAN00001277837	7	SAMEA3402286
EGAS00001001265	cis-eQTL mapping of human pancreatic islets	Metagenomics	EGAZ00001094490	SEQUENCE_VARIATION	Islet cis-eQTL Mapping Study Variation Calls	EGAN00001277838	8	SAMEA3402287
EGAS00001001265	cis-eQTL mapping of human pancreatic islets	Metagenomics	EGAZ00001094490	SEQUENCE_VARIATION	Islet cis-eQTL Mapping Study Variation Calls	EGAN00001277839	9	SAMEA3402288
EGAS00001001265	cis-eQTL mapping of human pancreatic islets	Metagenomics	EGAZ00001094490	SEQUENCE_VARIATION	Islet cis-eQTL Mapping Study Variation Calls	EGAN00001277840	10	SAMEA3402289
EGAS00001001265	cis-eQTL mapping of human pancreatic islets	Metagenomics	EGAZ00001094490	SEQUENCE_VARIATION	Islet cis-eQTL Mapping Study Variation Calls	EGAN00001277841	11	SAMEA3402290
EGAS00001001265	cis-eQTL mapping of human pancreatic islets	Metagenomics	EGAZ00001094490	SEQUENCE_VARIATION	Islet cis-eQTL Mapping Study Variation Calls	EGAN00001277842	12	SAMEA3402291
EGAS00001001265	cis-eQTL mapping of human pancreatic islets	Metagenomics	EGAZ00001094490	SEQUENCE_VARIATION	Islet cis-eQTL Mapping Study Variation Calls	EGAN00001277843	13	SAMEA3402292
EGAS00001001265	cis-eQTL mapping of human pancreatic islets	Metagenomics	EGAZ00001094490	SEQUENCE_VARIATION	Islet cis-eQTL Mapping Study Variation Calls	EGAN00001277844	14	SAMEA3402293
EGAS00001001265	cis-eQTL mapping of human pancreatic islets	Metagenomics	EGAZ00001094490	SEQUENCE_VARIATION	Islet cis-eQTL Mapping Study Variation Calls	EGAN00001277845	15	SAMEA3402294
EGAS00001001265	cis-eQTL mapping of human pancreatic islets	Metagenomics	EGAZ00001094490	SEQUENCE_VARIATION	Islet cis-eQTL Mapping Study Variation Calls	EGAN00001277846	16	SAMEA3402295
EGAS00001001265	cis-eQTL mapping of human pancreatic islets	Metagenomics	EGAZ00001094490	SEQUENCE_VARIATION	Islet cis-eQTL Mapping Study Variation Calls	EGAN00001277847	17	SAMEA3402296
EGAS00001001265	cis-eQTL mapping of human pancreatic islets	Metagenomics	EGAZ00001094490	SEQUENCE_VARIATION	Islet cis-eQTL Mapping Study Variation Calls	EGAN00001277848	18	SAMEA3402297
EGAS00001001265	cis-eQTL mapping of human pancreatic islets	Metagenomics	EGAZ00001094490	SEQUENCE_VARIATION	Islet cis-eQTL Mapping Study Variation Calls	EGAN00001277849	19	SAMEA3402298
EGAS00001001265	cis-eQTL mapping of human pancreatic islets	Metagenomics	EGAZ00001094490	SEQUENCE_VARIATION	Islet cis-eQTL Mapping Study Variation Calls	EGAN00001277850	20	SAMEA3402299
EGAS00001001265	cis-eQTL mapping of human pancreatic islets	Metagenomics	EGAZ00001094490	SEQUENCE_VARIATION	Islet cis-eQTL Mapping Study Variation Calls	EGAN00001277851	21	SAMEA3402300
EGAS00001001265	cis-eQTL mapping of human pancreatic islets	Metagenomics	EGAZ00001094490	SEQUENCE_VARIATION	Islet cis-eQTL Mapping Study Variation Calls	EGAN00001277852	22	SAMEA3402301
EGAS00001001265	cis-eQTL mapping of human pancreatic islets	Metagenomics	EGAZ00001094490	SEQUENCE_VARIATION	Islet cis-eQTL Mapping Study Variation Calls	EGAN00001277853	23	SAMEA3402302
EGAS00001001265	cis-eQTL mapping of human pancreatic islets	Metagenomics	EGAZ00001094490	SEQUENCE_VARIATION	Islet cis-eQTL Mapping Study Variation Calls	EGAN00001277854	24	SAMEA3402303
EGAS00001001265	cis-eQTL mapping of human pancreatic islets	Metagenomics	EGAZ00001094490	SEQUENCE_VARIATION	Islet cis-eQTL Mapping Study Variation Calls	EGAN00001277855	25	SAMEA3402304
EGAS00001001265	cis-eQTL mapping of human pancreatic islets	Metagenomics	EGAZ00001094490	SEQUENCE_VARIATION	Islet cis-eQTL Mapping Study Variation Calls	EGAN00001277856	26	SAMEA3402305
EGAS00001001265	cis-eQTL mapping of human pancreatic islets	Metagenomics	EGAZ00001094490	SEQUENCE_VARIATION	Islet cis-eQTL Mapping Study Variation Calls	EGAN00001277857	27	SAMEA3402306
EGAS00001001265	cis-eQTL mapping of human pancreatic islets	Metagenomics	EGAZ00001094490	SEQUENCE_VARIATION	Islet cis-eQTL Mapping Study Variation Calls	EGAN00001277858	28	SAMEA3402307
EGAS00001001265	cis-eQTL mapping of human pancreatic islets	Metagenomics	EGAZ00001094490	SEQUENCE_VARIATION	Islet cis-eQTL Mapping Study Variation Calls	EGAN00001277859	29	SAMEA3402308
EGAS00001001265	cis-eQTL mapping of human pancreatic islets	Metagenomics	EGAZ00001094490	SEQUENCE_VARIATION	Islet cis-eQTL Mapping Study Variation Calls	EGAN00001277860	30	SAMEA3402309
EGAS00001001265	cis-eQTL mapping of human pancreatic islets	Metagenomics	EGAZ00001094490	SEQUENCE_VARIATION	Islet cis-eQTL Mapping Study Variation Calls	EGAN00001277861	31	SAMEA3402310
EGAS00001001265	cis-eQTL mapping of human pancreatic islets	Metagenomics	EGAZ00001094490	SEQUENCE_VARIATION	Islet cis-eQTL Mapping Study Variation Calls	EGAN00001277862	32	SAMEA3402311
EGAS00001001265	cis-eQTL mapping of human pancreatic islets	Metagenomics	EGAZ00001094490	SEQUENCE_VARIATION	Islet cis-eQTL Mapping Study Variation Calls	EGAN00001277863	33	SAMEA3402312
EGAS00001001265	cis-eQTL mapping of human pancreatic islets	Metagenomics	EGAZ00001094490	SEQUENCE_VARIATION	Islet cis-eQTL Mapping Study Variation Calls	EGAN00001277864	34	SAMEA3402313
EGAS00001001265	cis-eQTL mapping of human pancreatic islets	Metagenomics	EGAZ00001094490	SEQUENCE_VARIATION	Islet cis-eQTL Mapping Study Variation Calls	EGAN00001277865	35	SAMEA3402314
EGAS00001001265	cis-eQTL mapping of human pancreatic islets	Metagenomics	EGAZ00001094490	SEQUENCE_VARIATION	Islet cis-eQTL Mapping Study Variation Calls	EGAN00001277866	36	SAMEA3402315
EGAS00001001265	cis-eQTL mapping of human pancreatic islets	Metagenomics	EGAZ00001094490	SEQUENCE_VARIATION	Islet cis-eQTL Mapping Study Variation Calls	EGAN00001277867	37	SAMEA3402316
EGAS00001001265	cis-eQTL mapping of human pancreatic islets	Metagenomics	EGAZ00001094490	SEQUENCE_VARIATION	Islet cis-eQTL Mapping Study Variation Calls	EGAN00001277868	38	SAMEA3402317
EGAS00001001265	cis-eQTL mapping of human pancreatic islets	Metagenomics	EGAZ00001094490	SEQUENCE_VARIATION	Islet cis-eQTL Mapping Study Variation Calls	EGAN00001277869	39	SAMEA3402318
EGAS00001001265	cis-eQTL mapping of human pancreatic islets	Metagenomics	EGAZ00001094490	SEQUENCE_VARIATION	Islet cis-eQTL Mapping Study Variation Calls	EGAN00001277870	40	SAMEA3402319
EGAS00001001265	cis-eQTL mapping of human pancreatic islets	Metagenomics	EGAZ00001094490	SEQUENCE_VARIATION	Islet cis-eQTL Mapping Study Variation Calls	EGAN00001277871	41	SAMEA3402320
EGAS00001001265	cis-eQTL mapping of human pancreatic islets	Metagenomics	EGAZ00001094490	SEQUENCE_VARIATION	Islet cis-eQTL Mapping Study Variation Calls	EGAN00001277872	42	SAMEA3402321
EGAS00001001265	cis-eQTL mapping of human pancreatic islets	Metagenomics	EGAZ00001094490	SEQUENCE_VARIATION	Islet cis-eQTL Mapping Study Variation Calls	EGAN00001277873	43	SAMEA3402322
EGAS00001001265	cis-eQTL mapping of human pancreatic islets	Metagenomics	EGAZ00001094490	SEQUENCE_VARIATION	Islet cis-eQTL Mapping Study Variation Calls	EGAN00001277874	44	SAMEA3402323
EGAS00001001265	cis-eQTL mapping of human pancreatic islets	Metagenomics	EGAZ00001094490	SEQUENCE_VARIATION	Islet cis-eQTL Mapping Study Variation Calls	EGAN00001277875	45	SAMEA3402324
EGAS00001001265	cis-eQTL mapping of human pancreatic islets	Metagenomics	EGAZ00001094490	SEQUENCE_VARIATION	Islet cis-eQTL Mapping Study Variation Calls	EGAN00001277876	46	SAMEA3402325
EGAS00001001265	cis-eQTL mapping of human pancreatic islets	Metagenomics	EGAZ00001094490	SEQUENCE_VARIATION	Islet cis-eQTL Mapping Study Variation Calls	EGAN00001277877	47	SAMEA3402326
EGAS00001001265	cis-eQTL mapping of human pancreatic islets	Metagenomics	EGAZ00001094490	SEQUENCE_VARIATION	Islet cis-eQTL Mapping Study Variation Calls	EGAN00001277878	48	SAMEA3402327
EGAS00001001265	cis-eQTL mapping of human pancreatic islets	Metagenomics	EGAZ00001094490	SEQUENCE_VARIATION	Islet cis-eQTL Mapping Study Variation Calls	EGAN00001277879	49	SAMEA3402328
EGAS00001001265	cis-eQTL mapping of human pancreatic islets	Metagenomics	EGAZ00001094490	SEQUENCE_VARIATION	Islet cis-eQTL Mapping Study Variation Calls	EGAN00001277880	50	SAMEA3402329
EGAS00001001265	cis-eQTL mapping of human pancreatic islets	Metagenomics	EGAZ00001094490	SEQUENCE_VARIATION	Islet cis-eQTL Mapping Study Variation Calls	EGAN00001277881	51	SAMEA3402330
EGAS00001001265	cis-eQTL mapping of human pancreatic islets	Metagenomics	EGAZ00001094490	SEQUENCE_VARIATION	Islet cis-eQTL Mapping Study Variation Calls	EGAN00001277882	52	SAMEA3402331
EGAS00001001265	cis-eQTL mapping of human pancreatic islets	Metagenomics	EGAZ00001094490	SEQUENCE_VARIATION	Islet cis-eQTL Mapping Study Variation Calls	EGAN00001277883	53	SAMEA3402332
EGAS00001001265	cis-eQTL mapping of human pancreatic islets	Metagenomics	EGAZ00001094490	SEQUENCE_VARIATION	Islet cis-eQTL Mapping Study Variation Calls	EGAN00001277884	54	SAMEA3402333
EGAS00001001265	cis-eQTL mapping of human pancreatic islets	Metagenomics	EGAZ00001094490	SEQUENCE_VARIATION	Islet cis-eQTL Mapping Study Variation Calls	EGAN00001277885	55	SAMEA3402334
EGAS00001001265	cis-eQTL mapping of human pancreatic islets	Metagenomics	EGAZ00001094490	SEQUENCE_VARIATION	Islet cis-eQTL Mapping Study Variation Calls	EGAN00001277886	56	SAMEA3402335
EGAS00001001265	cis-eQTL mapping of human pancreatic islets	Metagenomics	EGAZ00001094490	SEQUENCE_VARIATION	Islet cis-eQTL Mapping Study Variation Calls	EGAN00001277887	57	SAMEA3402336
EGAS00001001265	cis-eQTL mapping of human pancreatic islets	Metagenomics	EGAZ00001094490	SEQUENCE_VARIATION	Islet cis-eQTL Mapping Study Variation Calls	EGAN00001277888	58	SAMEA3402337
EGAS00001001265	cis-eQTL mapping of human pancreatic islets	Metagenomics	EGAZ00001094490	SEQUENCE_VARIATION	Islet cis-eQTL Mapping Study Variation Calls	EGAN00001277889	59	SAMEA3402338
EGAS00001001265	cis-eQTL mapping of human pancreatic islets	Metagenomics	EGAZ00001094490	SEQUENCE_VARIATION	Islet cis-eQTL Mapping Study Variation Calls	EGAN00001277890	60	SAMEA3402339
EGAS00001001265	cis-eQTL mapping of human pancreatic islets	Metagenomics	EGAZ00001094490	SEQUENCE_VARIATION	Islet cis-eQTL Mapping Study Variation Calls	EGAN00001277891	61	SAMEA3402340
EGAS00001001265	cis-eQTL mapping of human pancreatic islets	Metagenomics	EGAZ00001094490	SEQUENCE_VARIATION	Islet cis-eQTL Mapping Study Variation Calls	EGAN00001277892	62	SAMEA3402341
EGAS00001001265	cis-eQTL mapping of human pancreatic islets	Metagenomics	EGAZ00001094490	SEQUENCE_VARIATION	Islet cis-eQTL Mapping Study Variation Calls	EGAN00001277893	63	SAMEA3402342
EGAS00001001265	cis-eQTL mapping of human pancreatic islets	Metagenomics	EGAZ00001094490	SEQUENCE_VARIATION	Islet cis-eQTL Mapping Study Variation Calls	EGAN00001277894	64	SAMEA3402343
EGAS00001001265	cis-eQTL mapping of human pancreatic islets	Metagenomics	EGAZ00001094490	SEQUENCE_VARIATION	Islet cis-eQTL Mapping Study Variation Calls	EGAN00001277895	65	SAMEA3402344
EGAS00001001265	cis-eQTL mapping of human pancreatic islets	Metagenomics	EGAZ00001094490	SEQUENCE_VARIATION	Islet cis-eQTL Mapping Study Variation Calls	EGAN00001277896	66	SAMEA3402345
EGAS00001001265	cis-eQTL mapping of human pancreatic islets	Metagenomics	EGAZ00001094490	SEQUENCE_VARIATION	Islet cis-eQTL Mapping Study Variation Calls	EGAN00001277897	67	SAMEA3402346
EGAS00001001265	cis-eQTL mapping of human pancreatic islets	Metagenomics	EGAZ00001094490	SEQUENCE_VARIATION	Islet cis-eQTL Mapping Study Variation Calls	EGAN00001277898	68	SAMEA3402347
EGAS00001001265	cis-eQTL mapping of human pancreatic islets	Metagenomics	EGAZ00001094490	SEQUENCE_VARIATION	Islet cis-eQTL Mapping Study Variation Calls	EGAN00001277899	69	SAMEA3402348
EGAS00001001265	cis-eQTL mapping of human pancreatic islets	Metagenomics	EGAZ00001094490	SEQUENCE_VARIATION	Islet cis-eQTL Mapping Study Variation Calls	EGAN00001277900	70	SAMEA3402349
EGAS00001001265	cis-eQTL mapping of human pancreatic islets	Metagenomics	EGAZ00001094490	SEQUENCE_VARIATION	Islet cis-eQTL Mapping Study Variation Calls	EGAN00001277901	71	SAMEA3402350
EGAS00001001265	cis-eQTL mapping of human pancreatic islets	Metagenomics	EGAZ00001094490	SEQUENCE_VARIATION	Islet cis-eQTL Mapping Study Variation Calls	EGAN00001277902	72	SAMEA3402351
EGAS00001001265	cis-eQTL mapping of human pancreatic islets	Metagenomics	EGAZ00001094490	SEQUENCE_VARIATION	Islet cis-eQTL Mapping Study Variation Calls	EGAN00001277903	73	SAMEA3402352
EGAS00001001265	cis-eQTL mapping of human pancreatic islets	Metagenomics	EGAZ00001094490	SEQUENCE_VARIATION	Islet cis-eQTL Mapping Study Variation Calls	EGAN00001277904	74	SAMEA3402353
EGAS00001001265	cis-eQTL mapping of human pancreatic islets	Metagenomics	EGAZ00001094490	SEQUENCE_VARIATION	Islet cis-eQTL Mapping Study Variation Calls	EGAN00001277905	75	SAMEA3402354
EGAS00001001265	cis-eQTL mapping of human pancreatic islets	Metagenomics	EGAZ00001094490	SEQUENCE_VARIATION	Islet cis-eQTL Mapping Study Variation Calls	EGAN00001277906	76	SAMEA3402355
EGAS00001001265	cis-eQTL mapping of human pancreatic islets	Metagenomics	EGAZ00001094490	SEQUENCE_VARIATION	Islet cis-eQTL Mapping Study Variation Calls	EGAN00001277907	77	SAMEA3402356
EGAS00001001265	cis-eQTL mapping of human pancreatic islets	Metagenomics	EGAZ00001094490	SEQUENCE_VARIATION	Islet cis-eQTL Mapping Study Variation Calls	EGAN00001277908	78	SAMEA3402357
EGAS00001001265	cis-eQTL mapping of human pancreatic islets	Metagenomics	EGAZ00001094490	SEQUENCE_VARIATION	Islet cis-eQTL Mapping Study Variation Calls	EGAN00001277909	79	SAMEA3402358
EGAS00001001265	cis-eQTL mapping of human pancreatic islets	Metagenomics	EGAZ00001094490	SEQUENCE_VARIATION	Islet cis-eQTL Mapping Study Variation Calls	EGAN00001277910	80	SAMEA3402359
EGAS00001001265	cis-eQTL mapping of human pancreatic islets	Metagenomics	EGAZ00001094490	SEQUENCE_VARIATION	Islet cis-eQTL Mapping Study Variation Calls	EGAN00001277911	81	SAMEA3402360
EGAS00001001265	cis-eQTL mapping of human pancreatic islets	Metagenomics	EGAZ00001094490	SEQUENCE_VARIATION	Islet cis-eQTL Mapping Study Variation Calls	EGAN00001277912	82	SAMEA3402361
EGAS00001001265	cis-eQTL mapping of human pancreatic islets	Metagenomics	EGAZ00001094490	SEQUENCE_VARIATION	Islet cis-eQTL Mapping Study Variation Calls	EGAN00001277913	83	SAMEA3402362
EGAS00001001265	cis-eQTL mapping of human pancreatic islets	Metagenomics	EGAZ00001094490	SEQUENCE_VARIATION	Islet cis-eQTL Mapping Study Variation Calls	EGAN00001277914	84	SAMEA3402363
EGAS00001001265	cis-eQTL mapping of human pancreatic islets	Metagenomics	EGAZ00001094490	SEQUENCE_VARIATION	Islet cis-eQTL Mapping Study Variation Calls	EGAN00001277915	85	SAMEA3402364
EGAS00001001265	cis-eQTL mapping of human pancreatic islets	Metagenomics	EGAZ00001094490	SEQUENCE_VARIATION	Islet cis-eQTL Mapping Study Variation Calls	EGAN00001277916	86	SAMEA3402365
EGAS00001001265	cis-eQTL mapping of human pancreatic islets	Metagenomics	EGAZ00001094490	SEQUENCE_VARIATION	Islet cis-eQTL Mapping Study Variation Calls	EGAN00001277917	87	SAMEA3402366
EGAS00001001265	cis-eQTL mapping of human pancreatic islets	Metagenomics	EGAZ00001094490	SEQUENCE_VARIATION	Islet cis-eQTL Mapping Study Variation Calls	EGAN00001277918	88	SAMEA3402367
EGAS00001001265	cis-eQTL mapping of human pancreatic islets	Metagenomics	EGAZ00001094490	SEQUENCE_VARIATION	Islet cis-eQTL Mapping Study Variation Calls	EGAN00001277919	89	SAMEA3402368
EGAS00001001265	cis-eQTL mapping of human pancreatic islets	Metagenomics	EGAZ00001094490	SEQUENCE_VARIATION	Islet cis-eQTL Mapping Study Variation Calls	EGAN00001277920	90	SAMEA3402369
EGAS00001001265	cis-eQTL mapping of human pancreatic islets	Metagenomics	EGAZ00001094490	SEQUENCE_VARIATION	Islet cis-eQTL Mapping Study Variation Calls	EGAN00001277921	91	SAMEA3402370
EGAS00001001265	cis-eQTL mapping of human pancreatic islets	Metagenomics	EGAZ00001094490	SEQUENCE_VARIATION	Islet cis-eQTL Mapping Study Variation Calls	EGAN00001277922	92	SAMEA3402371
EGAS00001001265	cis-eQTL mapping of human pancreatic islets	Metagenomics	EGAZ00001094490	SEQUENCE_VARIATION	Islet cis-eQTL Mapping Study Variation Calls	EGAN00001277923	93	SAMEA3402372
EGAS00001001265	cis-eQTL mapping of human pancreatic islets	Metagenomics	EGAZ00001094490	SEQUENCE_VARIATION	Islet cis-eQTL Mapping Study Variation Calls	EGAN00001277924	94	SAMEA3402373
EGAS00001001265	cis-eQTL mapping of human pancreatic islets	Metagenomics	EGAZ00001094490	SEQUENCE_VARIATION	Islet cis-eQTL Mapping Study Variation Calls	EGAN00001277925	95	SAMEA3402374
EGAS00001001265	cis-eQTL mapping of human pancreatic islets	Metagenomics	EGAZ00001094490	SEQUENCE_VARIATION	Islet cis-eQTL Mapping Study Variation Calls	EGAN00001277926	96	SAMEA3402375
EGAS00001001265	cis-eQTL mapping of human pancreatic islets	Metagenomics	EGAZ00001094490	SEQUENCE_VARIATION	Islet cis-eQTL Mapping Study Variation Calls	EGAN00001277927	97	SAMEA3402376
EGAS00001001265	cis-eQTL mapping of human pancreatic islets	Metagenomics	EGAZ00001094490	SEQUENCE_VARIATION	Islet cis-eQTL Mapping Study Variation Calls	EGAN00001277928	98	SAMEA3402377
EGAS00001001265	cis-eQTL mapping of human pancreatic islets	Metagenomics	EGAZ00001094490	SEQUENCE_VARIATION	Islet cis-eQTL Mapping Study Variation Calls	EGAN00001277929	99	SAMEA3402378
EGAS00001001265	cis-eQTL mapping of human pancreatic islets	Metagenomics	EGAZ00001094490	SEQUENCE_VARIATION	Islet cis-eQTL Mapping Study Variation Calls	EGAN00001277930	100	SAMEA3402379
EGAS00001001265	cis-eQTL mapping of human pancreatic islets	Metagenomics	EGAZ00001094490	SEQUENCE_VARIATION	Islet cis-eQTL Mapping Study Variation Calls	EGAN00001277931	101	SAMEA3402380
EGAS00001001265	cis-eQTL mapping of human pancreatic islets	Metagenomics	EGAZ00001094490	SEQUENCE_VARIATION	Islet cis-eQTL Mapping Study Variation Calls	EGAN00001277932	102	SAMEA3402381
EGAS00001001265	cis-eQTL mapping of human pancreatic islets	Metagenomics	EGAZ00001094490	SEQUENCE_VARIATION	Islet cis-eQTL Mapping Study Variation Calls	EGAN00001277933	103	SAMEA3402382
EGAS00001001265	cis-eQTL mapping of human pancreatic islets	Metagenomics	EGAZ00001094490	SEQUENCE_VARIATION	Islet cis-eQTL Mapping Study Variation Calls	EGAN00001277934	104	SAMEA3402383
EGAS00001001265	cis-eQTL mapping of human pancreatic islets	Metagenomics	EGAZ00001094490	SEQUENCE_VARIATION	Islet cis-eQTL Mapping Study Variation Calls	EGAN00001277935	105	SAMEA3402384
EGAS00001001265	cis-eQTL mapping of human pancreatic islets	Metagenomics	EGAZ00001094490	SEQUENCE_VARIATION	Islet cis-eQTL Mapping Study Variation Calls	EGAN00001277936	106	SAMEA3402385
EGAS00001001265	cis-eQTL mapping of human pancreatic islets	Metagenomics	EGAZ00001094490	SEQUENCE_VARIATION	Islet cis-eQTL Mapping Study Variation Calls	EGAN00001277937	107	SAMEA3402386
EGAS00001001265	cis-eQTL mapping of human pancreatic islets	Metagenomics	EGAZ00001094490	SEQUENCE_VARIATION	Islet cis-eQTL Mapping Study Variation Calls	EGAN00001277938	108	SAMEA3402387
EGAS00001001265	cis-eQTL mapping of human pancreatic islets	Metagenomics	EGAZ00001094490	SEQUENCE_VARIATION	Islet cis-eQTL Mapping Study Variation Calls	EGAN00001277939	109	SAMEA3402388
EGAS00001001265	cis-eQTL mapping of human pancreatic islets	Metagenomics	EGAZ00001094490	SEQUENCE_VARIATION	Islet cis-eQTL Mapping Study Variation Calls	EGAN00001277940	110	SAMEA3402389
EGAS00001001265	cis-eQTL mapping of human pancreatic islets	Metagenomics	EGAZ00001094490	SEQUENCE_VARIATION	Islet cis-eQTL Mapping Study Variation Calls	EGAN00001277941	111	SAMEA3402390
EGAS00001001265	cis-eQTL mapping of human pancreatic islets	Metagenomics	EGAZ00001094490	SEQUENCE_VARIATION	Islet cis-eQTL Mapping Study Variation Calls	EGAN00001277942	112	SAMEA3402391
EGAS00001001265	cis-eQTL mapping of human pancreatic islets	Metagenomics	EGAZ00001094490	SEQUENCE_VARIATION	Islet cis-eQTL Mapping Study Variation Calls	EGAN00001277943	113	SAMEA3402392
EGAS00001001265	cis-eQTL mapping of human pancreatic islets	Metagenomics	EGAZ00001094490	SEQUENCE_VARIATION	Islet cis-eQTL Mapping Study Variation Calls	EGAN00001277944	114	SAMEA3402393
EGAS00001001265	cis-eQTL mapping of human pancreatic islets	Metagenomics	EGAZ00001094490	SEQUENCE_VARIATION	Islet cis-eQTL Mapping Study Variation Calls	EGAN00001277945	115	SAMEA3402394
EGAS00001001265	cis-eQTL mapping of human pancreatic islets	Metagenomics	EGAZ00001094490	SEQUENCE_VARIATION	Islet cis-eQTL Mapping Study Variation Calls	EGAN00001277946	116	SAMEA3402395
EGAS00001001265	cis-eQTL mapping of human pancreatic islets	Metagenomics	EGAZ00001094490	SEQUENCE_VARIATION	Islet cis-eQTL Mapping Study Variation Calls	EGAN00001277947	117	SAMEA3402396
EGAS00001001265	cis-eQTL mapping of human pancreatic islets	Metagenomics	EGAZ00001094490	SEQUENCE_VARIATION	Islet cis-eQTL Mapping Study Variation Calls	EGAN00001277948	118	SAMEA3402397
