gender=male;ENA-CHECKLIST=ERC000026;ENA-SUBMISSION-TOOL=SRA-Webin;
gender=male;ENA-CHECKLIST=ERC000026;ENA-SUBMISSION-TOOL=SRA-Webin;
gender=male;ENA-CHECKLIST=ERC000026;ENA-SUBMISSION-TOOL=SRA-Webin;
gender=male;ENA-CHECKLIST=ERC000026;ENA-SUBMISSION-TOOL=SRA-Webin;
gender=male;ENA-CHECKLIST=ERC000026;ENA-SUBMISSION-TOOL=SRA-Webin;
gender=female;ENA-CHECKLIST=ERC000026;ENA-SUBMISSION-TOOL=SRA-Webin;
gender=male;ENA-CHECKLIST=ERC000026;ENA-SUBMISSION-TOOL=SRA-Webin;
gender=male;ENA-CHECKLIST=ERC000026;ENA-SUBMISSION-TOOL=SRA-Webin;
gender=female;ENA-CHECKLIST=ERC000026;ENA-SUBMISSION-TOOL=SRA-Webin;
gender=male;ENA-CHECKLIST=ERC000026;ENA-SUBMISSION-TOOL=SRA-Webin;
gender=female;ENA-CHECKLIST=ERC000026;ENA-SUBMISSION-TOOL=SRA-Webin;
gender=female;ENA-CHECKLIST=ERC000026;ENA-SUBMISSION-TOOL=SRA-Webin;
gender=female;ENA-CHECKLIST=ERC000026;ENA-SUBMISSION-TOOL=SRA-Webin;
gender=male;ENA-CHECKLIST=ERC000026;ENA-SUBMISSION-TOOL=SRA-Webin;
gender=female;ENA-CHECKLIST=ERC000026;ENA-SUBMISSION-TOOL=SRA-Webin;
gender=female;ENA-CHECKLIST=ERC000026;ENA-SUBMISSION-TOOL=SRA-Webin;
gender=female;ENA-CHECKLIST=ERC000026;ENA-SUBMISSION-TOOL=SRA-Webin;
gender=male;ENA-CHECKLIST=ERC000026;ENA-SUBMISSION-TOOL=SRA-Webin;
gender=male;ENA-CHECKLIST=ERC000026;ENA-SUBMISSION-TOOL=SRA-Webin;
gender=male;ENA-CHECKLIST=ERC000026;ENA-SUBMISSION-TOOL=SRA-Webin;
gender=female;ENA-CHECKLIST=ERC000026;ENA-SUBMISSION-TOOL=SRA-Webin;
gender=female;ENA-CHECKLIST=ERC000026;ENA-SUBMISSION-TOOL=SRA-Webin;
gender=female;ENA-CHECKLIST=ERC000026;ENA-SUBMISSION-TOOL=SRA-Webin;
gender=female;ENA-CHECKLIST=ERC000026;ENA-SUBMISSION-TOOL=SRA-Webin;
gender=male;ENA-CHECKLIST=ERC000026;ENA-SUBMISSION-TOOL=SRA-Webin;
gender=male;ENA-CHECKLIST=ERC000026;ENA-SUBMISSION-TOOL=SRA-Webin;
gender=female;ENA-CHECKLIST=ERC000026;ENA-SUBMISSION-TOOL=SRA-Webin;
gender=male;ENA-CHECKLIST=ERC000026;ENA-SUBMISSION-TOOL=SRA-Webin;
gender=male;ENA-CHECKLIST=ERC000026;ENA-SUBMISSION-TOOL=SRA-Webin;
gender=male;ENA-CHECKLIST=ERC000026;ENA-SUBMISSION-TOOL=SRA-Webin;
gender=female;ENA-CHECKLIST=ERC000026;ENA-SUBMISSION-TOOL=SRA-Webin;
gender=female;ENA-CHECKLIST=ERC000026;ENA-SUBMISSION-TOOL=SRA-Webin;
gender=male;ENA-CHECKLIST=ERC000026;ENA-SUBMISSION-TOOL=SRA-Webin;
gender=female;ENA-CHECKLIST=ERC000026;ENA-SUBMISSION-TOOL=SRA-Webin;
gender=male;ENA-CHECKLIST=ERC000026;ENA-SUBMISSION-TOOL=SRA-Webin;
gender=female;ENA-CHECKLIST=ERC000026;ENA-SUBMISSION-TOOL=SRA-Webin;
gender=female;ENA-CHECKLIST=ERC000026;ENA-SUBMISSION-TOOL=SRA-Webin;
gender=male;ENA-CHECKLIST=ERC000026;ENA-SUBMISSION-TOOL=SRA-Webin;
gender=female;ENA-CHECKLIST=ERC000026;ENA-SUBMISSION-TOOL=SRA-Webin;
gender=female;ENA-CHECKLIST=ERC000026;ENA-SUBMISSION-TOOL=SRA-Webin;
gender=female;ENA-CHECKLIST=ERC000026;ENA-SUBMISSION-TOOL=SRA-Webin;
gender=female;ENA-CHECKLIST=ERC000026;ENA-SUBMISSION-TOOL=SRA-Webin;
gender=male;ENA-CHECKLIST=ERC000026;ENA-SUBMISSION-TOOL=SRA-Webin;
gender=male;ENA-CHECKLIST=ERC000026;ENA-SUBMISSION-TOOL=SRA-Webin;
gender=male;ENA-CHECKLIST=ERC000026;ENA-SUBMISSION-TOOL=SRA-Webin;
gender=male;ENA-CHECKLIST=ERC000026;ENA-SUBMISSION-TOOL=SRA-Webin;
gender=male;ENA-CHECKLIST=ERC000026;ENA-SUBMISSION-TOOL=SRA-Webin;
gender=female;ENA-CHECKLIST=ERC000026;ENA-SUBMISSION-TOOL=SRA-Webin;
gender=female;ENA-CHECKLIST=ERC000026;ENA-SUBMISSION-TOOL=SRA-Webin;
gender=female;ENA-CHECKLIST=ERC000026;ENA-SUBMISSION-TOOL=SRA-Webin;
gender=male;ENA-CHECKLIST=ERC000026;ENA-SUBMISSION-TOOL=SRA-Webin;
gender=male;ENA-CHECKLIST=ERC000026;ENA-SUBMISSION-TOOL=SRA-Webin;
gender=female;ENA-CHECKLIST=ERC000026;ENA-SUBMISSION-TOOL=SRA-Webin;
gender=male;ENA-CHECKLIST=ERC000026;ENA-SUBMISSION-TOOL=SRA-Webin;
gender=female;ENA-CHECKLIST=ERC000026;ENA-SUBMISSION-TOOL=SRA-Webin;
gender=male;ENA-CHECKLIST=ERC000026;ENA-SUBMISSION-TOOL=SRA-Webin;
gender=male;ENA-CHECKLIST=ERC000026;ENA-SUBMISSION-TOOL=SRA-Webin;
gender=male;ENA-CHECKLIST=ERC000026;ENA-SUBMISSION-TOOL=SRA-Webin;
gender=male;ENA-CHECKLIST=ERC000026;ENA-SUBMISSION-TOOL=SRA-Webin;
gender=female;ENA-CHECKLIST=ERC000026;ENA-SUBMISSION-TOOL=SRA-Webin;
gender=male;ENA-CHECKLIST=ERC000026;ENA-SUBMISSION-TOOL=SRA-Webin;
gender=male;ENA-CHECKLIST=ERC000026;ENA-SUBMISSION-TOOL=SRA-Webin;
gender=male;ENA-CHECKLIST=ERC000026;ENA-SUBMISSION-TOOL=SRA-Webin;
gender=female;ENA-CHECKLIST=ERC000026;ENA-SUBMISSION-TOOL=SRA-Webin;
gender=male;ENA-CHECKLIST=ERC000026;ENA-SUBMISSION-TOOL=SRA-Webin;
gender=male;ENA-CHECKLIST=ERC000026;ENA-SUBMISSION-TOOL=SRA-Webin;
gender=female;ENA-CHECKLIST=ERC000026;ENA-SUBMISSION-TOOL=SRA-Webin;
gender=female;ENA-CHECKLIST=ERC000026;ENA-SUBMISSION-TOOL=SRA-Webin;
gender=female;ENA-CHECKLIST=ERC000026;ENA-SUBMISSION-TOOL=SRA-Webin;
gender=male;ENA-CHECKLIST=ERC000026;ENA-SUBMISSION-TOOL=SRA-Webin;
gender=male;ENA-CHECKLIST=ERC000026;ENA-SUBMISSION-TOOL=SRA-Webin;
gender=male;ENA-CHECKLIST=ERC000026;ENA-SUBMISSION-TOOL=SRA-Webin;
gender=female;ENA-CHECKLIST=ERC000026;ENA-SUBMISSION-TOOL=SRA-Webin;
gender=male;ENA-CHECKLIST=ERC000026;ENA-SUBMISSION-TOOL=SRA-Webin;
gender=male;ENA-CHECKLIST=ERC000026;ENA-SUBMISSION-TOOL=SRA-Webin;
gender=female;ENA-CHECKLIST=ERC000026;ENA-SUBMISSION-TOOL=SRA-Webin;
gender=male;ENA-CHECKLIST=ERC000026;ENA-SUBMISSION-TOOL=SRA-Webin;
gender=male;ENA-CHECKLIST=ERC000026;ENA-SUBMISSION-TOOL=SRA-Webin;
gender=male;ENA-CHECKLIST=ERC000026;ENA-SUBMISSION-TOOL=SRA-Webin;
gender=female;ENA-CHECKLIST=ERC000026;ENA-SUBMISSION-TOOL=SRA-Webin;
gender=male;ENA-CHECKLIST=ERC000026;ENA-SUBMISSION-TOOL=SRA-Webin;
gender=male;ENA-CHECKLIST=ERC000026;ENA-SUBMISSION-TOOL=SRA-Webin;
gender=male;ENA-CHECKLIST=ERC000026;ENA-SUBMISSION-TOOL=SRA-Webin;
gender=male;ENA-CHECKLIST=ERC000026;ENA-SUBMISSION-TOOL=SRA-Webin;
gender=male;ENA-CHECKLIST=ERC000026;ENA-SUBMISSION-TOOL=SRA-Webin;
gender=male;ENA-CHECKLIST=ERC000026;ENA-SUBMISSION-TOOL=SRA-Webin;
gender=male;ENA-CHECKLIST=ERC000026;ENA-SUBMISSION-TOOL=SRA-Webin;
gender=female;ENA-CHECKLIST=ERC000026;ENA-SUBMISSION-TOOL=SRA-Webin;
gender=female;ENA-CHECKLIST=ERC000026;ENA-SUBMISSION-TOOL=SRA-Webin;
gender=male;ENA-CHECKLIST=ERC000026;ENA-SUBMISSION-TOOL=SRA-Webin;
gender=male;ENA-CHECKLIST=ERC000026;ENA-SUBMISSION-TOOL=SRA-Webin;
gender=male;ENA-CHECKLIST=ERC000026;ENA-SUBMISSION-TOOL=SRA-Webin;
gender=male;ENA-CHECKLIST=ERC000026;ENA-SUBMISSION-TOOL=SRA-Webin;
gender=female;ENA-CHECKLIST=ERC000026;ENA-SUBMISSION-TOOL=SRA-Webin;
gender=female;ENA-CHECKLIST=ERC000026;ENA-SUBMISSION-TOOL=SRA-Webin;
gender=male;ENA-CHECKLIST=ERC000026;ENA-SUBMISSION-TOOL=SRA-Webin;
gender=male;ENA-CHECKLIST=ERC000026;ENA-SUBMISSION-TOOL=SRA-Webin;
gender=female;ENA-CHECKLIST=ERC000026;ENA-SUBMISSION-TOOL=SRA-Webin;
gender=female;ENA-CHECKLIST=ERC000026;ENA-SUBMISSION-TOOL=SRA-Webin;
gender=female;ENA-CHECKLIST=ERC000026;ENA-SUBMISSION-TOOL=SRA-Webin;
gender=male;ENA-CHECKLIST=ERC000026;ENA-SUBMISSION-TOOL=SRA-Webin;
gender=female;ENA-CHECKLIST=ERC000026;ENA-SUBMISSION-TOOL=SRA-Webin;
gender=male;ENA-CHECKLIST=ERC000026;ENA-SUBMISSION-TOOL=SRA-Webin;
gender=female;ENA-CHECKLIST=ERC000026;ENA-SUBMISSION-TOOL=SRA-Webin;
gender=female;ENA-CHECKLIST=ERC000026;ENA-SUBMISSION-TOOL=SRA-Webin;
gender=male;ENA-CHECKLIST=ERC000026;ENA-SUBMISSION-TOOL=SRA-Webin;
gender=male;ENA-CHECKLIST=ERC000026;ENA-SUBMISSION-TOOL=SRA-Webin;
gender=female;ENA-CHECKLIST=ERC000026;ENA-SUBMISSION-TOOL=SRA-Webin;
gender=female;ENA-CHECKLIST=ERC000026;ENA-SUBMISSION-TOOL=SRA-Webin;
gender=male;ENA-CHECKLIST=ERC000026;ENA-SUBMISSION-TOOL=SRA-Webin;
gender=female;ENA-CHECKLIST=ERC000026;ENA-SUBMISSION-TOOL=SRA-Webin;
gender=female;ENA-CHECKLIST=ERC000026;ENA-SUBMISSION-TOOL=SRA-Webin;
gender=female;ENA-CHECKLIST=ERC000026;ENA-SUBMISSION-TOOL=SRA-Webin;
gender=male;ENA-CHECKLIST=ERC000026;ENA-SUBMISSION-TOOL=SRA-Webin;
gender=male;ENA-CHECKLIST=ERC000026;ENA-SUBMISSION-TOOL=SRA-Webin;
gender=female;ENA-CHECKLIST=ERC000026;ENA-SUBMISSION-TOOL=SRA-Webin;
gender=male;ENA-CHECKLIST=ERC000026;ENA-SUBMISSION-TOOL=SRA-Webin;
gender=female;ENA-CHECKLIST=ERC000026;ENA-SUBMISSION-TOOL=SRA-Webin;
gender=male;ENA-CHECKLIST=ERC000026;ENA-SUBMISSION-TOOL=SRA-Webin;
gender=male;ENA-CHECKLIST=ERC000026;ENA-SUBMISSION-TOOL=SRA-Webin;
gender=female;ENA-CHECKLIST=ERC000026;ENA-SUBMISSION-TOOL=SRA-Webin;
gender=female;ENA-CHECKLIST=ERC000026;ENA-SUBMISSION-TOOL=SRA-Webin;
gender=male;ENA-CHECKLIST=ERC000026;ENA-SUBMISSION-TOOL=SRA-Webin;
gender=male;ENA-CHECKLIST=ERC000026;ENA-SUBMISSION-TOOL=SRA-Webin;
gender=female;ENA-CHECKLIST=ERC000026;ENA-SUBMISSION-TOOL=SRA-Webin;
gender=female;ENA-CHECKLIST=ERC000026;ENA-SUBMISSION-TOOL=SRA-Webin;
gender=male;ENA-CHECKLIST=ERC000026;ENA-SUBMISSION-TOOL=SRA-Webin;
gender=male;ENA-CHECKLIST=ERC000026;ENA-SUBMISSION-TOOL=SRA-Webin;
gender=male;ENA-CHECKLIST=ERC000026;ENA-SUBMISSION-TOOL=SRA-Webin;
gender=male;ENA-CHECKLIST=ERC000026;ENA-SUBMISSION-TOOL=SRA-Webin;
gender=male;ENA-CHECKLIST=ERC000026;ENA-SUBMISSION-TOOL=SRA-Webin;
gender=male;ENA-CHECKLIST=ERC000026;ENA-SUBMISSION-TOOL=SRA-Webin;
gender=female;ENA-CHECKLIST=ERC000026;ENA-SUBMISSION-TOOL=SRA-Webin;
gender=male;ENA-CHECKLIST=ERC000026;ENA-SUBMISSION-TOOL=SRA-Webin;
gender=female;ENA-CHECKLIST=ERC000026;ENA-SUBMISSION-TOOL=SRA-Webin;
gender=female;ENA-CHECKLIST=ERC000026;ENA-SUBMISSION-TOOL=SRA-Webin;
gender=female;ENA-CHECKLIST=ERC000026;ENA-SUBMISSION-TOOL=SRA-Webin;
gender=female;ENA-CHECKLIST=ERC000026;ENA-SUBMISSION-TOOL=SRA-Webin;
gender=female;ENA-CHECKLIST=ERC000026;ENA-SUBMISSION-TOOL=SRA-Webin;
gender=female;ENA-CHECKLIST=ERC000026;ENA-SUBMISSION-TOOL=SRA-Webin;
gender=male;ENA-CHECKLIST=ERC000026;ENA-SUBMISSION-TOOL=SRA-Webin;
gender=male;ENA-CHECKLIST=ERC000026;ENA-SUBMISSION-TOOL=SRA-Webin;
gender=male;ENA-CHECKLIST=ERC000026;ENA-SUBMISSION-TOOL=SRA-Webin;
gender=male;ENA-CHECKLIST=ERC000026;ENA-SUBMISSION-TOOL=SRA-Webin;
gender=male;ENA-CHECKLIST=ERC000026;ENA-SUBMISSION-TOOL=SRA-Webin;
gender=female;ENA-CHECKLIST=ERC000026;ENA-SUBMISSION-TOOL=SRA-Webin;
gender=male;ENA-CHECKLIST=ERC000026;ENA-SUBMISSION-TOOL=SRA-Webin;
gender=male;ENA-CHECKLIST=ERC000026;ENA-SUBMISSION-TOOL=SRA-Webin;
gender=female;ENA-CHECKLIST=ERC000026;ENA-SUBMISSION-TOOL=SRA-Webin;
gender=male;ENA-CHECKLIST=ERC000026;ENA-SUBMISSION-TOOL=SRA-Webin;
gender=female;ENA-CHECKLIST=ERC000026;ENA-SUBMISSION-TOOL=SRA-Webin;
gender=female;ENA-CHECKLIST=ERC000026;ENA-SUBMISSION-TOOL=SRA-Webin;
gender=female;ENA-CHECKLIST=ERC000026;ENA-SUBMISSION-TOOL=SRA-Webin;
gender=male;ENA-CHECKLIST=ERC000026;ENA-SUBMISSION-TOOL=SRA-Webin;
gender=female;ENA-CHECKLIST=ERC000026;ENA-SUBMISSION-TOOL=SRA-Webin;
gender=female;ENA-CHECKLIST=ERC000026;ENA-SUBMISSION-TOOL=SRA-Webin;
gender=female;ENA-CHECKLIST=ERC000026;ENA-SUBMISSION-TOOL=SRA-Webin;
gender=male;ENA-CHECKLIST=ERC000026;ENA-SUBMISSION-TOOL=SRA-Webin;
gender=male;ENA-CHECKLIST=ERC000026;ENA-SUBMISSION-TOOL=SRA-Webin;
gender=male;ENA-CHECKLIST=ERC000026;ENA-SUBMISSION-TOOL=SRA-Webin;
gender=female;ENA-CHECKLIST=ERC000026;ENA-SUBMISSION-TOOL=SRA-Webin;
gender=female;ENA-CHECKLIST=ERC000026;ENA-SUBMISSION-TOOL=SRA-Webin;
gender=female;ENA-CHECKLIST=ERC000026;ENA-SUBMISSION-TOOL=SRA-Webin;
gender=female;ENA-CHECKLIST=ERC000026;ENA-SUBMISSION-TOOL=SRA-Webin;
gender=male;ENA-CHECKLIST=ERC000026;ENA-SUBMISSION-TOOL=SRA-Webin;
gender=male;ENA-CHECKLIST=ERC000026;ENA-SUBMISSION-TOOL=SRA-Webin;
gender=female;ENA-CHECKLIST=ERC000026;ENA-SUBMISSION-TOOL=SRA-Webin;
gender=male;ENA-CHECKLIST=ERC000026;ENA-SUBMISSION-TOOL=SRA-Webin;
gender=male;ENA-CHECKLIST=ERC000026;ENA-SUBMISSION-TOOL=SRA-Webin;
gender=male;ENA-CHECKLIST=ERC000026;ENA-SUBMISSION-TOOL=SRA-Webin;
gender=female;ENA-CHECKLIST=ERC000026;ENA-SUBMISSION-TOOL=SRA-Webin;
gender=female;ENA-CHECKLIST=ERC000026;ENA-SUBMISSION-TOOL=SRA-Webin;
gender=male;ENA-CHECKLIST=ERC000026;ENA-SUBMISSION-TOOL=SRA-Webin;
gender=female;ENA-CHECKLIST=ERC000026;ENA-SUBMISSION-TOOL=SRA-Webin;
gender=male;ENA-CHECKLIST=ERC000026;ENA-SUBMISSION-TOOL=SRA-Webin;
gender=female;ENA-CHECKLIST=ERC000026;ENA-SUBMISSION-TOOL=SRA-Webin;
gender=female;ENA-CHECKLIST=ERC000026;ENA-SUBMISSION-TOOL=SRA-Webin;
gender=male;ENA-CHECKLIST=ERC000026;ENA-SUBMISSION-TOOL=SRA-Webin;
gender=female;ENA-CHECKLIST=ERC000026;ENA-SUBMISSION-TOOL=SRA-Webin;
gender=female;ENA-CHECKLIST=ERC000026;ENA-SUBMISSION-TOOL=SRA-Webin;
gender=female;ENA-CHECKLIST=ERC000026;ENA-SUBMISSION-TOOL=SRA-Webin;
gender=female;ENA-CHECKLIST=ERC000026;ENA-SUBMISSION-TOOL=SRA-Webin;
gender=male;ENA-CHECKLIST=ERC000026;ENA-SUBMISSION-TOOL=SRA-Webin;
gender=male;ENA-CHECKLIST=ERC000026;ENA-SUBMISSION-TOOL=SRA-Webin;
gender=male;ENA-CHECKLIST=ERC000026;ENA-SUBMISSION-TOOL=SRA-Webin;
gender=male;ENA-CHECKLIST=ERC000026;ENA-SUBMISSION-TOOL=SRA-Webin;
gender=male;ENA-CHECKLIST=ERC000026;ENA-SUBMISSION-TOOL=SRA-Webin;
gender=female;ENA-CHECKLIST=ERC000026;ENA-SUBMISSION-TOOL=SRA-Webin;
gender=female;ENA-CHECKLIST=ERC000026;ENA-SUBMISSION-TOOL=SRA-Webin;
gender=female;ENA-CHECKLIST=ERC000026;ENA-SUBMISSION-TOOL=SRA-Webin;
gender=male;ENA-CHECKLIST=ERC000026;ENA-SUBMISSION-TOOL=SRA-Webin;
gender=male;ENA-CHECKLIST=ERC000026;ENA-SUBMISSION-TOOL=SRA-Webin;
gender=female;ENA-CHECKLIST=ERC000026;ENA-SUBMISSION-TOOL=SRA-Webin;
gender=male;ENA-CHECKLIST=ERC000026;ENA-SUBMISSION-TOOL=SRA-Webin;
gender=female;ENA-CHECKLIST=ERC000026;ENA-SUBMISSION-TOOL=SRA-Webin;
gender=male;ENA-CHECKLIST=ERC000026;ENA-SUBMISSION-TOOL=SRA-Webin;
gender=male;ENA-CHECKLIST=ERC000026;ENA-SUBMISSION-TOOL=SRA-Webin;
gender=male;ENA-CHECKLIST=ERC000026;ENA-SUBMISSION-TOOL=SRA-Webin;
gender=male;ENA-CHECKLIST=ERC000026;ENA-SUBMISSION-TOOL=SRA-Webin;
gender=female;ENA-CHECKLIST=ERC000026;ENA-SUBMISSION-TOOL=SRA-Webin;
gender=male;ENA-CHECKLIST=ERC000026;ENA-SUBMISSION-TOOL=SRA-Webin;
gender=male;ENA-CHECKLIST=ERC000026;ENA-SUBMISSION-TOOL=SRA-Webin;
gender=female;ENA-CHECKLIST=ERC000026;ENA-SUBMISSION-TOOL=SRA-Webin;
gender=male;ENA-CHECKLIST=ERC000026;ENA-SUBMISSION-TOOL=SRA-Webin;
gender=male;ENA-CHECKLIST=ERC000026;ENA-SUBMISSION-TOOL=SRA-Webin;
gender=female;ENA-CHECKLIST=ERC000026;ENA-SUBMISSION-TOOL=SRA-Webin;
gender=female;ENA-CHECKLIST=ERC000026;ENA-SUBMISSION-TOOL=SRA-Webin;
gender=female;ENA-CHECKLIST=ERC000026;ENA-SUBMISSION-TOOL=SRA-Webin;
gender=male;ENA-CHECKLIST=ERC000026;ENA-SUBMISSION-TOOL=SRA-Webin;
gender=male;ENA-CHECKLIST=ERC000026;ENA-SUBMISSION-TOOL=SRA-Webin;
gender=male;ENA-CHECKLIST=ERC000026;ENA-SUBMISSION-TOOL=SRA-Webin;
gender=female;ENA-CHECKLIST=ERC000026;ENA-SUBMISSION-TOOL=SRA-Webin;
gender=male;ENA-CHECKLIST=ERC000026;ENA-SUBMISSION-TOOL=SRA-Webin;
gender=male;ENA-CHECKLIST=ERC000026;ENA-SUBMISSION-TOOL=SRA-Webin;
gender=female;ENA-CHECKLIST=ERC000026;ENA-SUBMISSION-TOOL=SRA-Webin;
gender=male;ENA-CHECKLIST=ERC000026;ENA-SUBMISSION-TOOL=SRA-Webin;
gender=male;ENA-CHECKLIST=ERC000026;ENA-SUBMISSION-TOOL=SRA-Webin;
gender=male;ENA-CHECKLIST=ERC000026;ENA-SUBMISSION-TOOL=SRA-Webin;
gender=female;ENA-CHECKLIST=ERC000026;ENA-SUBMISSION-TOOL=SRA-Webin;
gender=male;ENA-CHECKLIST=ERC000026;ENA-SUBMISSION-TOOL=SRA-Webin;
gender=male;ENA-CHECKLIST=ERC000026;ENA-SUBMISSION-TOOL=SRA-Webin;
gender=male;ENA-CHECKLIST=ERC000026;ENA-SUBMISSION-TOOL=SRA-Webin;
gender=male;ENA-CHECKLIST=ERC000026;ENA-SUBMISSION-TOOL=SRA-Webin;
gender=male;ENA-CHECKLIST=ERC000026;ENA-SUBMISSION-TOOL=SRA-Webin;
gender=male;ENA-CHECKLIST=ERC000026;ENA-SUBMISSION-TOOL=SRA-Webin;
gender=male;ENA-CHECKLIST=ERC000026;ENA-SUBMISSION-TOOL=SRA-Webin;
gender=female;ENA-CHECKLIST=ERC000026;ENA-SUBMISSION-TOOL=SRA-Webin;
gender=female;ENA-CHECKLIST=ERC000026;ENA-SUBMISSION-TOOL=SRA-Webin;
gender=male;ENA-CHECKLIST=ERC000026;ENA-SUBMISSION-TOOL=SRA-Webin;
gender=male;ENA-CHECKLIST=ERC000026;ENA-SUBMISSION-TOOL=SRA-Webin;
gender=male;ENA-CHECKLIST=ERC000026;ENA-SUBMISSION-TOOL=SRA-Webin;
gender=male;ENA-CHECKLIST=ERC000026;ENA-SUBMISSION-TOOL=SRA-Webin;
gender=female;ENA-CHECKLIST=ERC000026;ENA-SUBMISSION-TOOL=SRA-Webin;
gender=female;ENA-CHECKLIST=ERC000026;ENA-SUBMISSION-TOOL=SRA-Webin;
gender=male;ENA-CHECKLIST=ERC000026;ENA-SUBMISSION-TOOL=SRA-Webin;
gender=male;ENA-CHECKLIST=ERC000026;ENA-SUBMISSION-TOOL=SRA-Webin;
gender=female;ENA-CHECKLIST=ERC000026;ENA-SUBMISSION-TOOL=SRA-Webin;
gender=female;ENA-CHECKLIST=ERC000026;ENA-SUBMISSION-TOOL=SRA-Webin;
gender=female;ENA-CHECKLIST=ERC000026;ENA-SUBMISSION-TOOL=SRA-Webin;
gender=male;ENA-CHECKLIST=ERC000026;ENA-SUBMISSION-TOOL=SRA-Webin;
gender=female;ENA-CHECKLIST=ERC000026;ENA-SUBMISSION-TOOL=SRA-Webin;
gender=male;ENA-CHECKLIST=ERC000026;ENA-SUBMISSION-TOOL=SRA-Webin;
gender=female;ENA-CHECKLIST=ERC000026;ENA-SUBMISSION-TOOL=SRA-Webin;
gender=female;ENA-CHECKLIST=ERC000026;ENA-SUBMISSION-TOOL=SRA-Webin;
gender=male;ENA-CHECKLIST=ERC000026;ENA-SUBMISSION-TOOL=SRA-Webin;
gender=male;ENA-CHECKLIST=ERC000026;ENA-SUBMISSION-TOOL=SRA-Webin;
gender=female;ENA-CHECKLIST=ERC000026;ENA-SUBMISSION-TOOL=SRA-Webin;
gender=female;ENA-CHECKLIST=ERC000026;ENA-SUBMISSION-TOOL=SRA-Webin;
gender=male;ENA-CHECKLIST=ERC000026;ENA-SUBMISSION-TOOL=SRA-Webin;
gender=female;ENA-CHECKLIST=ERC000026;ENA-SUBMISSION-TOOL=SRA-Webin;
gender=female;ENA-CHECKLIST=ERC000026;ENA-SUBMISSION-TOOL=SRA-Webin;
gender=female;ENA-CHECKLIST=ERC000026;ENA-SUBMISSION-TOOL=SRA-Webin;
gender=male;ENA-CHECKLIST=ERC000026;ENA-SUBMISSION-TOOL=SRA-Webin;
gender=male;ENA-CHECKLIST=ERC000026;ENA-SUBMISSION-TOOL=SRA-Webin;
gender=female;ENA-CHECKLIST=ERC000026;ENA-SUBMISSION-TOOL=SRA-Webin;
gender=male;ENA-CHECKLIST=ERC000026;ENA-SUBMISSION-TOOL=SRA-Webin;
gender=female;ENA-CHECKLIST=ERC000026;ENA-SUBMISSION-TOOL=SRA-Webin;
gender=male;ENA-CHECKLIST=ERC000026;ENA-SUBMISSION-TOOL=SRA-Webin;
gender=male;ENA-CHECKLIST=ERC000026;ENA-SUBMISSION-TOOL=SRA-Webin;
gender=female;ENA-CHECKLIST=ERC000026;ENA-SUBMISSION-TOOL=SRA-Webin;
gender=female;ENA-CHECKLIST=ERC000026;ENA-SUBMISSION-TOOL=SRA-Webin;
gender=male;ENA-CHECKLIST=ERC000026;ENA-SUBMISSION-TOOL=SRA-Webin;
gender=male;ENA-CHECKLIST=ERC000026;ENA-SUBMISSION-TOOL=SRA-Webin;
gender=female;ENA-CHECKLIST=ERC000026;ENA-SUBMISSION-TOOL=SRA-Webin;
gender=female;ENA-CHECKLIST=ERC000026;ENA-SUBMISSION-TOOL=SRA-Webin;
gender=male;ENA-CHECKLIST=ERC000026;ENA-SUBMISSION-TOOL=SRA-Webin;
gender=male;ENA-CHECKLIST=ERC000026;ENA-SUBMISSION-TOOL=SRA-Webin;
gender=male;ENA-CHECKLIST=ERC000026;ENA-SUBMISSION-TOOL=SRA-Webin;
gender=male;ENA-CHECKLIST=ERC000026;ENA-SUBMISSION-TOOL=SRA-Webin;
gender=male;ENA-CHECKLIST=ERC000026;ENA-SUBMISSION-TOOL=SRA-Webin;
gender=female;ENA-CHECKLIST=ERC000026;ENA-SUBMISSION-TOOL=SRA-Webin;
gender=male;ENA-CHECKLIST=ERC000026;ENA-SUBMISSION-TOOL=SRA-Webin;
gender=female;ENA-CHECKLIST=ERC000026;ENA-SUBMISSION-TOOL=SRA-Webin;
gender=female;ENA-CHECKLIST=ERC000026;ENA-SUBMISSION-TOOL=SRA-Webin;
gender=female;ENA-CHECKLIST=ERC000026;ENA-SUBMISSION-TOOL=SRA-Webin;
gender=female;ENA-CHECKLIST=ERC000026;ENA-SUBMISSION-TOOL=SRA-Webin;
gender=female;ENA-CHECKLIST=ERC000026;ENA-SUBMISSION-TOOL=SRA-Webin;
gender=female;ENA-CHECKLIST=ERC000026;ENA-SUBMISSION-TOOL=SRA-Webin;
gender=male;ENA-CHECKLIST=ERC000026;ENA-SUBMISSION-TOOL=SRA-Webin;
gender=male;ENA-CHECKLIST=ERC000026;ENA-SUBMISSION-TOOL=SRA-Webin;
gender=male;ENA-CHECKLIST=ERC000026;ENA-SUBMISSION-TOOL=SRA-Webin;
gender=male;ENA-CHECKLIST=ERC000026;ENA-SUBMISSION-TOOL=SRA-Webin;
gender=male;ENA-CHECKLIST=ERC000026;ENA-SUBMISSION-TOOL=SRA-Webin;
gender=female;ENA-CHECKLIST=ERC000026;ENA-SUBMISSION-TOOL=SRA-Webin;
gender=male;ENA-CHECKLIST=ERC000026;ENA-SUBMISSION-TOOL=SRA-Webin;
gender=male;ENA-CHECKLIST=ERC000026;ENA-SUBMISSION-TOOL=SRA-Webin;
gender=female;ENA-CHECKLIST=ERC000026;ENA-SUBMISSION-TOOL=SRA-Webin;
gender=male;ENA-CHECKLIST=ERC000026;ENA-SUBMISSION-TOOL=SRA-Webin;
gender=female;ENA-CHECKLIST=ERC000026;ENA-SUBMISSION-TOOL=SRA-Webin;
gender=female;ENA-CHECKLIST=ERC000026;ENA-SUBMISSION-TOOL=SRA-Webin;
gender=female;ENA-CHECKLIST=ERC000026;ENA-SUBMISSION-TOOL=SRA-Webin;
gender=male;ENA-CHECKLIST=ERC000026;ENA-SUBMISSION-TOOL=SRA-Webin;
gender=female;ENA-CHECKLIST=ERC000026;ENA-SUBMISSION-TOOL=SRA-Webin;
gender=female;ENA-CHECKLIST=ERC000026;ENA-SUBMISSION-TOOL=SRA-Webin;
gender=female;ENA-CHECKLIST=ERC000026;ENA-SUBMISSION-TOOL=SRA-Webin;
gender=female;ENA-CHECKLIST=ERC000026;ENA-SUBMISSION-TOOL=SRA-Webin;
gender=female;ENA-CHECKLIST=ERC000026;ENA-SUBMISSION-TOOL=SRA-Webin;
gender=male;ENA-CHECKLIST=ERC000026;ENA-SUBMISSION-TOOL=SRA-Webin;
gender=male;ENA-CHECKLIST=ERC000026;ENA-SUBMISSION-TOOL=SRA-Webin;
gender=female;ENA-CHECKLIST=ERC000026;ENA-SUBMISSION-TOOL=SRA-Webin;
gender=female;ENA-CHECKLIST=ERC000026;ENA-SUBMISSION-TOOL=SRA-Webin;
gender=female;ENA-CHECKLIST=ERC000026;ENA-SUBMISSION-TOOL=SRA-Webin;
gender=female;ENA-CHECKLIST=ERC000026;ENA-SUBMISSION-TOOL=SRA-Webin;
gender=female;ENA-CHECKLIST=ERC000026;ENA-SUBMISSION-TOOL=SRA-Webin;
gender=female;ENA-CHECKLIST=ERC000026;ENA-SUBMISSION-TOOL=SRA-Webin;
gender=female;ENA-CHECKLIST=ERC000026;ENA-SUBMISSION-TOOL=SRA-Webin;
gender=female;ENA-CHECKLIST=ERC000026;ENA-SUBMISSION-TOOL=SRA-Webin;
gender=female;ENA-CHECKLIST=ERC000026;ENA-SUBMISSION-TOOL=SRA-Webin;
gender=female;ENA-CHECKLIST=ERC000026;ENA-SUBMISSION-TOOL=SRA-Webin;
gender=female;ENA-CHECKLIST=ERC000026;ENA-SUBMISSION-TOOL=SRA-Webin;
gender=male;ENA-CHECKLIST=ERC000026;ENA-SUBMISSION-TOOL=SRA-Webin;
gender=male;ENA-CHECKLIST=ERC000026;ENA-SUBMISSION-TOOL=SRA-Webin;
gender=male;ENA-CHECKLIST=ERC000026;ENA-SUBMISSION-TOOL=SRA-Webin;
gender=male;ENA-CHECKLIST=ERC000026;ENA-SUBMISSION-TOOL=SRA-Webin;
gender=male;ENA-CHECKLIST=ERC000026;ENA-SUBMISSION-TOOL=SRA-Webin;
gender=male;ENA-CHECKLIST=ERC000026;ENA-SUBMISSION-TOOL=SRA-Webin;
gender=male;ENA-CHECKLIST=ERC000026;ENA-SUBMISSION-TOOL=SRA-Webin;
gender=male;ENA-CHECKLIST=ERC000026;ENA-SUBMISSION-TOOL=SRA-Webin;
gender=male;ENA-CHECKLIST=ERC000026;ENA-SUBMISSION-TOOL=SRA-Webin;
gender=female;ENA-CHECKLIST=ERC000026;ENA-SUBMISSION-TOOL=SRA-Webin;
gender=female;ENA-CHECKLIST=ERC000026;ENA-SUBMISSION-TOOL=SRA-Webin;
gender=female;ENA-CHECKLIST=ERC000026;ENA-SUBMISSION-TOOL=SRA-Webin;
gender=male;ENA-CHECKLIST=ERC000026;ENA-SUBMISSION-TOOL=SRA-Webin;
gender=male;ENA-CHECKLIST=ERC000026;ENA-SUBMISSION-TOOL=SRA-Webin;
gender=male;ENA-CHECKLIST=ERC000026;ENA-SUBMISSION-TOOL=SRA-Webin;
gender=male;ENA-CHECKLIST=ERC000026;ENA-SUBMISSION-TOOL=SRA-Webin;
gender=male;ENA-CHECKLIST=ERC000026;ENA-SUBMISSION-TOOL=SRA-Webin;
gender=female;ENA-CHECKLIST=ERC000026;ENA-SUBMISSION-TOOL=SRA-Webin;
gender=female;ENA-CHECKLIST=ERC000026;ENA-SUBMISSION-TOOL=SRA-Webin;
gender=female;ENA-CHECKLIST=ERC000026;ENA-SUBMISSION-TOOL=SRA-Webin;
gender=female;ENA-CHECKLIST=ERC000026;ENA-SUBMISSION-TOOL=SRA-Webin;
gender=male;ENA-CHECKLIST=ERC000026;ENA-SUBMISSION-TOOL=SRA-Webin;
gender=male;ENA-CHECKLIST=ERC000026;ENA-SUBMISSION-TOOL=SRA-Webin;
gender=female;ENA-CHECKLIST=ERC000026;ENA-SUBMISSION-TOOL=SRA-Webin;
gender=female;ENA-CHECKLIST=ERC000026;ENA-SUBMISSION-TOOL=SRA-Webin;
gender=female;ENA-CHECKLIST=ERC000026;ENA-SUBMISSION-TOOL=SRA-Webin;
gender=male;ENA-CHECKLIST=ERC000026;ENA-SUBMISSION-TOOL=SRA-Webin;
gender=male;ENA-CHECKLIST=ERC000026;ENA-SUBMISSION-TOOL=SRA-Webin;
gender=male;ENA-CHECKLIST=ERC000026;ENA-SUBMISSION-TOOL=SRA-Webin;
gender=female;ENA-CHECKLIST=ERC000026;ENA-SUBMISSION-TOOL=SRA-Webin;
gender=female;ENA-CHECKLIST=ERC000026;ENA-SUBMISSION-TOOL=SRA-Webin;
gender=female;ENA-CHECKLIST=ERC000026;ENA-SUBMISSION-TOOL=SRA-Webin;
gender=male;ENA-CHECKLIST=ERC000026;ENA-SUBMISSION-TOOL=SRA-Webin;
gender=male;ENA-CHECKLIST=ERC000026;ENA-SUBMISSION-TOOL=SRA-Webin;
gender=male;ENA-CHECKLIST=ERC000026;ENA-SUBMISSION-TOOL=SRA-Webin;
gender=male;ENA-CHECKLIST=ERC000026;ENA-SUBMISSION-TOOL=SRA-Webin;
gender=male;ENA-CHECKLIST=ERC000026;ENA-SUBMISSION-TOOL=SRA-Webin;
gender=male;ENA-CHECKLIST=ERC000026;ENA-SUBMISSION-TOOL=SRA-Webin;
gender=female;ENA-CHECKLIST=ERC000026;ENA-SUBMISSION-TOOL=SRA-Webin;
gender=female;ENA-CHECKLIST=ERC000026;ENA-SUBMISSION-TOOL=SRA-Webin;
gender=male;ENA-CHECKLIST=ERC000026;ENA-SUBMISSION-TOOL=SRA-Webin;
gender=male;ENA-CHECKLIST=ERC000026;ENA-SUBMISSION-TOOL=SRA-Webin;
gender=male;ENA-CHECKLIST=ERC000026;ENA-SUBMISSION-TOOL=SRA-Webin;
gender=female;ENA-CHECKLIST=ERC000026;ENA-SUBMISSION-TOOL=SRA-Webin;
gender=female;ENA-CHECKLIST=ERC000026;ENA-SUBMISSION-TOOL=SRA-Webin;
gender=female;ENA-CHECKLIST=ERC000026;ENA-SUBMISSION-TOOL=SRA-Webin;
gender=male;ENA-CHECKLIST=ERC000026;ENA-SUBMISSION-TOOL=SRA-Webin;
gender=male;ENA-CHECKLIST=ERC000026;ENA-SUBMISSION-TOOL=SRA-Webin;
gender=male;ENA-CHECKLIST=ERC000026;ENA-SUBMISSION-TOOL=SRA-Webin;
gender=male;ENA-CHECKLIST=ERC000026;ENA-SUBMISSION-TOOL=SRA-Webin;
gender=male;ENA-CHECKLIST=ERC000026;ENA-SUBMISSION-TOOL=SRA-Webin;
gender=male;ENA-CHECKLIST=ERC000026;ENA-SUBMISSION-TOOL=SRA-Webin;
gender=male;ENA-CHECKLIST=ERC000026;ENA-SUBMISSION-TOOL=SRA-Webin;
gender=female;ENA-CHECKLIST=ERC000026;ENA-SUBMISSION-TOOL=SRA-Webin;
gender=female;ENA-CHECKLIST=ERC000026;ENA-SUBMISSION-TOOL=SRA-Webin;
gender=female;ENA-CHECKLIST=ERC000026;ENA-SUBMISSION-TOOL=SRA-Webin;
gender=male;ENA-CHECKLIST=ERC000026;ENA-SUBMISSION-TOOL=SRA-Webin;
gender=male;ENA-CHECKLIST=ERC000026;ENA-SUBMISSION-TOOL=SRA-Webin;
gender=male;ENA-CHECKLIST=ERC000026;ENA-SUBMISSION-TOOL=SRA-Webin;
gender=female;ENA-CHECKLIST=ERC000026;ENA-SUBMISSION-TOOL=SRA-Webin;
gender=female;ENA-CHECKLIST=ERC000026;ENA-SUBMISSION-TOOL=SRA-Webin;
gender=female;ENA-CHECKLIST=ERC000026;ENA-SUBMISSION-TOOL=SRA-Webin;
gender=female;ENA-CHECKLIST=ERC000026;ENA-SUBMISSION-TOOL=SRA-Webin;
gender=female;ENA-CHECKLIST=ERC000026;ENA-SUBMISSION-TOOL=SRA-Webin;
gender=female;ENA-CHECKLIST=ERC000026;ENA-SUBMISSION-TOOL=SRA-Webin;
gender=female;ENA-CHECKLIST=ERC000026;ENA-SUBMISSION-TOOL=SRA-Webin;
gender=female;ENA-CHECKLIST=ERC000026;ENA-SUBMISSION-TOOL=SRA-Webin;
gender=female;ENA-CHECKLIST=ERC000026;ENA-SUBMISSION-TOOL=SRA-Webin;
gender=female;ENA-CHECKLIST=ERC000026;ENA-SUBMISSION-TOOL=SRA-Webin;
gender=female;ENA-CHECKLIST=ERC000026;ENA-SUBMISSION-TOOL=SRA-Webin;
gender=male;ENA-CHECKLIST=ERC000026;ENA-SUBMISSION-TOOL=SRA-Webin;
gender=male;ENA-CHECKLIST=ERC000026;ENA-SUBMISSION-TOOL=SRA-Webin;
gender=male;ENA-CHECKLIST=ERC000026;ENA-SUBMISSION-TOOL=SRA-Webin;
gender=male;ENA-CHECKLIST=ERC000026;ENA-SUBMISSION-TOOL=SRA-Webin;
gender=male;ENA-CHECKLIST=ERC000026;ENA-SUBMISSION-TOOL=SRA-Webin;
gender=male;ENA-CHECKLIST=ERC000026;ENA-SUBMISSION-TOOL=SRA-Webin;
gender=male;ENA-CHECKLIST=ERC000026;ENA-SUBMISSION-TOOL=SRA-Webin;
gender=male;ENA-CHECKLIST=ERC000026;ENA-SUBMISSION-TOOL=SRA-Webin;
gender=female;ENA-CHECKLIST=ERC000026;ENA-SUBMISSION-TOOL=SRA-Webin;
gender=female;ENA-CHECKLIST=ERC000026;ENA-SUBMISSION-TOOL=SRA-Webin;
gender=female;ENA-CHECKLIST=ERC000026;ENA-SUBMISSION-TOOL=SRA-Webin;
gender=female;ENA-CHECKLIST=ERC000026;ENA-SUBMISSION-TOOL=SRA-Webin;
gender=female;ENA-CHECKLIST=ERC000026;ENA-SUBMISSION-TOOL=SRA-Webin;
gender=female;ENA-CHECKLIST=ERC000026;ENA-SUBMISSION-TOOL=SRA-Webin;
gender=female;ENA-CHECKLIST=ERC000026;ENA-SUBMISSION-TOOL=SRA-Webin;
gender=female;ENA-CHECKLIST=ERC000026;ENA-SUBMISSION-TOOL=SRA-Webin;
gender=female;ENA-CHECKLIST=ERC000026;ENA-SUBMISSION-TOOL=SRA-Webin;
gender=female;ENA-CHECKLIST=ERC000026;ENA-SUBMISSION-TOOL=SRA-Webin;
gender=female;ENA-CHECKLIST=ERC000026;ENA-SUBMISSION-TOOL=SRA-Webin;
gender=female;ENA-CHECKLIST=ERC000026;ENA-SUBMISSION-TOOL=SRA-Webin;
gender=female;ENA-CHECKLIST=ERC000026;ENA-SUBMISSION-TOOL=SRA-Webin;
gender=female;ENA-CHECKLIST=ERC000026;ENA-SUBMISSION-TOOL=SRA-Webin;
gender=female;ENA-CHECKLIST=ERC000026;ENA-SUBMISSION-TOOL=SRA-Webin;
gender=female;ENA-CHECKLIST=ERC000026;ENA-SUBMISSION-TOOL=SRA-Webin;
gender=female;ENA-CHECKLIST=ERC000026;ENA-SUBMISSION-TOOL=SRA-Webin;
gender=female;ENA-CHECKLIST=ERC000026;ENA-SUBMISSION-TOOL=SRA-Webin;
gender=male;ENA-CHECKLIST=ERC000026;ENA-SUBMISSION-TOOL=SRA-Webin;
gender=male;ENA-CHECKLIST=ERC000026;ENA-SUBMISSION-TOOL=SRA-Webin;
gender=male;ENA-CHECKLIST=ERC000026;ENA-SUBMISSION-TOOL=SRA-Webin;
gender=female;ENA-CHECKLIST=ERC000026;ENA-SUBMISSION-TOOL=SRA-Webin;
gender=female;ENA-CHECKLIST=ERC000026;ENA-SUBMISSION-TOOL=SRA-Webin;
gender=female;ENA-CHECKLIST=ERC000026;ENA-SUBMISSION-TOOL=SRA-Webin;
gender=male;ENA-CHECKLIST=ERC000026;ENA-SUBMISSION-TOOL=SRA-Webin;
gender=male;ENA-CHECKLIST=ERC000026;ENA-SUBMISSION-TOOL=SRA-Webin;
gender=male;ENA-CHECKLIST=ERC000026;ENA-SUBMISSION-TOOL=SRA-Webin;
gender=male;ENA-CHECKLIST=ERC000026;ENA-SUBMISSION-TOOL=SRA-Webin;
gender=female;ENA-CHECKLIST=ERC000026;ENA-SUBMISSION-TOOL=SRA-Webin;
gender=female;ENA-CHECKLIST=ERC000026;ENA-SUBMISSION-TOOL=SRA-Webin;
gender=female;ENA-CHECKLIST=ERC000026;ENA-SUBMISSION-TOOL=SRA-Webin;
gender=male;ENA-CHECKLIST=ERC000026;ENA-SUBMISSION-TOOL=SRA-Webin;
gender=male;ENA-CHECKLIST=ERC000026;ENA-SUBMISSION-TOOL=SRA-Webin;
gender=male;ENA-CHECKLIST=ERC000026;ENA-SUBMISSION-TOOL=SRA-Webin;
gender=male;ENA-CHECKLIST=ERC000026;ENA-SUBMISSION-TOOL=SRA-Webin;
gender=male;ENA-CHECKLIST=ERC000026;ENA-SUBMISSION-TOOL=SRA-Webin;
gender=male;ENA-CHECKLIST=ERC000026;ENA-SUBMISSION-TOOL=SRA-Webin;
gender=female;ENA-CHECKLIST=ERC000026;ENA-SUBMISSION-TOOL=SRA-Webin;
gender=female;ENA-CHECKLIST=ERC000026;ENA-SUBMISSION-TOOL=SRA-Webin;
gender=female;ENA-CHECKLIST=ERC000026;ENA-SUBMISSION-TOOL=SRA-Webin;
gender=male;ENA-CHECKLIST=ERC000026;ENA-SUBMISSION-TOOL=SRA-Webin;
gender=male;ENA-CHECKLIST=ERC000026;ENA-SUBMISSION-TOOL=SRA-Webin;
gender=male;ENA-CHECKLIST=ERC000026;ENA-SUBMISSION-TOOL=SRA-Webin;
gender=male;ENA-CHECKLIST=ERC000026;ENA-SUBMISSION-TOOL=SRA-Webin;
gender=male;ENA-CHECKLIST=ERC000026;ENA-SUBMISSION-TOOL=SRA-Webin;
gender=male;ENA-CHECKLIST=ERC000026;ENA-SUBMISSION-TOOL=SRA-Webin;
gender=female;ENA-CHECKLIST=ERC000026;ENA-SUBMISSION-TOOL=SRA-Webin;
gender=female;ENA-CHECKLIST=ERC000026;ENA-SUBMISSION-TOOL=SRA-Webin;
gender=female;ENA-CHECKLIST=ERC000026;ENA-SUBMISSION-TOOL=SRA-Webin;
gender=male;ENA-CHECKLIST=ERC000026;ENA-SUBMISSION-TOOL=SRA-Webin;
gender=male;ENA-CHECKLIST=ERC000026;ENA-SUBMISSION-TOOL=SRA-Webin;
gender=male;ENA-CHECKLIST=ERC000026;ENA-SUBMISSION-TOOL=SRA-Webin;
gender=female;ENA-CHECKLIST=ERC000026;ENA-SUBMISSION-TOOL=SRA-Webin;
gender=female;ENA-CHECKLIST=ERC000026;ENA-SUBMISSION-TOOL=SRA-Webin;
gender=female;ENA-CHECKLIST=ERC000026;ENA-SUBMISSION-TOOL=SRA-Webin;
gender=female;ENA-CHECKLIST=ERC000026;ENA-SUBMISSION-TOOL=SRA-Webin;
gender=female;ENA-CHECKLIST=ERC000026;ENA-SUBMISSION-TOOL=SRA-Webin;
gender=female;ENA-CHECKLIST=ERC000026;ENA-SUBMISSION-TOOL=SRA-Webin;
gender=male;ENA-CHECKLIST=ERC000026;ENA-SUBMISSION-TOOL=SRA-Webin;
gender=male;ENA-CHECKLIST=ERC000026;ENA-SUBMISSION-TOOL=SRA-Webin;
gender=female;ENA-CHECKLIST=ERC000026;ENA-SUBMISSION-TOOL=SRA-Webin;
gender=female;ENA-CHECKLIST=ERC000026;ENA-SUBMISSION-TOOL=SRA-Webin;
gender=female;ENA-CHECKLIST=ERC000026;ENA-SUBMISSION-TOOL=SRA-Webin;
gender=female;ENA-CHECKLIST=ERC000026;ENA-SUBMISSION-TOOL=SRA-Webin;
gender=male;ENA-CHECKLIST=ERC000026;ENA-SUBMISSION-TOOL=SRA-Webin;
gender=male;ENA-CHECKLIST=ERC000026;ENA-SUBMISSION-TOOL=SRA-Webin;
gender=female;ENA-CHECKLIST=ERC000026;ENA-SUBMISSION-TOOL=SRA-Webin;
gender=male;ENA-CHECKLIST=ERC000026;ENA-SUBMISSION-TOOL=SRA-Webin;
gender=male;ENA-CHECKLIST=ERC000026;ENA-SUBMISSION-TOOL=SRA-Webin;
gender=male;ENA-CHECKLIST=ERC000026;ENA-SUBMISSION-TOOL=SRA-Webin;
gender=female;ENA-CHECKLIST=ERC000026;ENA-SUBMISSION-TOOL=SRA-Webin;
gender=female;ENA-CHECKLIST=ERC000026;ENA-SUBMISSION-TOOL=SRA-Webin;
gender=male;ENA-CHECKLIST=ERC000026;ENA-SUBMISSION-TOOL=SRA-Webin;
gender=female;ENA-CHECKLIST=ERC000026;ENA-SUBMISSION-TOOL=SRA-Webin;
gender=male;ENA-CHECKLIST=ERC000026;ENA-SUBMISSION-TOOL=SRA-Webin;
gender=female;ENA-CHECKLIST=ERC000026;ENA-SUBMISSION-TOOL=SRA-Webin;
gender=female;ENA-CHECKLIST=ERC000026;ENA-SUBMISSION-TOOL=SRA-Webin;
gender=male;ENA-CHECKLIST=ERC000026;ENA-SUBMISSION-TOOL=SRA-Webin;
gender=female;ENA-CHECKLIST=ERC000026;ENA-SUBMISSION-TOOL=SRA-Webin;
gender=female;ENA-CHECKLIST=ERC000026;ENA-SUBMISSION-TOOL=SRA-Webin;
gender=female;ENA-CHECKLIST=ERC000026;ENA-SUBMISSION-TOOL=SRA-Webin;
gender=female;ENA-CHECKLIST=ERC000026;ENA-SUBMISSION-TOOL=SRA-Webin;
gender=male;ENA-CHECKLIST=ERC000026;ENA-SUBMISSION-TOOL=SRA-Webin;
gender=male;ENA-CHECKLIST=ERC000026;ENA-SUBMISSION-TOOL=SRA-Webin;
gender=male;ENA-CHECKLIST=ERC000026;ENA-SUBMISSION-TOOL=SRA-Webin;
gender=male;ENA-CHECKLIST=ERC000026;ENA-SUBMISSION-TOOL=SRA-Webin;
gender=male;ENA-CHECKLIST=ERC000026;ENA-SUBMISSION-TOOL=SRA-Webin;
gender=female;ENA-CHECKLIST=ERC000026;ENA-SUBMISSION-TOOL=SRA-Webin;
gender=female;ENA-CHECKLIST=ERC000026;ENA-SUBMISSION-TOOL=SRA-Webin;
gender=female;ENA-CHECKLIST=ERC000026;ENA-SUBMISSION-TOOL=SRA-Webin;
gender=male;ENA-CHECKLIST=ERC000026;ENA-SUBMISSION-TOOL=SRA-Webin;
gender=male;ENA-CHECKLIST=ERC000026;ENA-SUBMISSION-TOOL=SRA-Webin;
gender=female;ENA-CHECKLIST=ERC000026;ENA-SUBMISSION-TOOL=SRA-Webin;
gender=male;ENA-CHECKLIST=ERC000026;ENA-SUBMISSION-TOOL=SRA-Webin;
gender=female;ENA-CHECKLIST=ERC000026;ENA-SUBMISSION-TOOL=SRA-Webin;
gender=male;ENA-CHECKLIST=ERC000026;ENA-SUBMISSION-TOOL=SRA-Webin;
gender=male;ENA-CHECKLIST=ERC000026;ENA-SUBMISSION-TOOL=SRA-Webin;
gender=male;ENA-CHECKLIST=ERC000026;ENA-SUBMISSION-TOOL=SRA-Webin;
gender=male;ENA-CHECKLIST=ERC000026;ENA-SUBMISSION-TOOL=SRA-Webin;
gender=female;ENA-CHECKLIST=ERC000026;ENA-SUBMISSION-TOOL=SRA-Webin;
gender=male;ENA-CHECKLIST=ERC000026;ENA-SUBMISSION-TOOL=SRA-Webin;
gender=male;ENA-CHECKLIST=ERC000026;ENA-SUBMISSION-TOOL=SRA-Webin;
gender=male;ENA-CHECKLIST=ERC000026;ENA-SUBMISSION-TOOL=SRA-Webin;
gender=female;ENA-CHECKLIST=ERC000026;ENA-SUBMISSION-TOOL=SRA-Webin;
gender=male;ENA-CHECKLIST=ERC000026;ENA-SUBMISSION-TOOL=SRA-Webin;
gender=male;ENA-CHECKLIST=ERC000026;ENA-SUBMISSION-TOOL=SRA-Webin;
gender=female;ENA-CHECKLIST=ERC000026;ENA-SUBMISSION-TOOL=SRA-Webin;
gender=female;ENA-CHECKLIST=ERC000026;ENA-SUBMISSION-TOOL=SRA-Webin;
gender=female;ENA-CHECKLIST=ERC000026;ENA-SUBMISSION-TOOL=SRA-Webin;
gender=male;ENA-CHECKLIST=ERC000026;ENA-SUBMISSION-TOOL=SRA-Webin;
gender=male;ENA-CHECKLIST=ERC000026;ENA-SUBMISSION-TOOL=SRA-Webin;
gender=male;ENA-CHECKLIST=ERC000026;ENA-SUBMISSION-TOOL=SRA-Webin;
gender=female;ENA-CHECKLIST=ERC000026;ENA-SUBMISSION-TOOL=SRA-Webin;
gender=male;ENA-CHECKLIST=ERC000026;ENA-SUBMISSION-TOOL=SRA-Webin;
gender=male;ENA-CHECKLIST=ERC000026;ENA-SUBMISSION-TOOL=SRA-Webin;
gender=female;ENA-CHECKLIST=ERC000026;ENA-SUBMISSION-TOOL=SRA-Webin;
gender=male;ENA-CHECKLIST=ERC000026;ENA-SUBMISSION-TOOL=SRA-Webin;
gender=male;ENA-CHECKLIST=ERC000026;ENA-SUBMISSION-TOOL=SRA-Webin;
gender=male;ENA-CHECKLIST=ERC000026;ENA-SUBMISSION-TOOL=SRA-Webin;
gender=female;ENA-CHECKLIST=ERC000026;ENA-SUBMISSION-TOOL=SRA-Webin;
gender=male;ENA-CHECKLIST=ERC000026;ENA-SUBMISSION-TOOL=SRA-Webin;
gender=male;ENA-CHECKLIST=ERC000026;ENA-SUBMISSION-TOOL=SRA-Webin;
gender=male;ENA-CHECKLIST=ERC000026;ENA-SUBMISSION-TOOL=SRA-Webin;
gender=male;ENA-CHECKLIST=ERC000026;ENA-SUBMISSION-TOOL=SRA-Webin;
gender=male;ENA-CHECKLIST=ERC000026;ENA-SUBMISSION-TOOL=SRA-Webin;
gender=male;ENA-CHECKLIST=ERC000026;ENA-SUBMISSION-TOOL=SRA-Webin;
gender=male;ENA-CHECKLIST=ERC000026;ENA-SUBMISSION-TOOL=SRA-Webin;
gender=female;ENA-CHECKLIST=ERC000026;ENA-SUBMISSION-TOOL=SRA-Webin;
gender=female;ENA-CHECKLIST=ERC000026;ENA-SUBMISSION-TOOL=SRA-Webin;
gender=male;ENA-CHECKLIST=ERC000026;ENA-SUBMISSION-TOOL=SRA-Webin;
gender=male;ENA-CHECKLIST=ERC000026;ENA-SUBMISSION-TOOL=SRA-Webin;
gender=male;ENA-CHECKLIST=ERC000026;ENA-SUBMISSION-TOOL=SRA-Webin;
gender=male;ENA-CHECKLIST=ERC000026;ENA-SUBMISSION-TOOL=SRA-Webin;
gender=female;ENA-CHECKLIST=ERC000026;ENA-SUBMISSION-TOOL=SRA-Webin;
gender=female;ENA-CHECKLIST=ERC000026;ENA-SUBMISSION-TOOL=SRA-Webin;
gender=male;ENA-CHECKLIST=ERC000026;ENA-SUBMISSION-TOOL=SRA-Webin;
gender=male;ENA-CHECKLIST=ERC000026;ENA-SUBMISSION-TOOL=SRA-Webin;
gender=female;ENA-CHECKLIST=ERC000026;ENA-SUBMISSION-TOOL=SRA-Webin;
gender=female;ENA-CHECKLIST=ERC000026;ENA-SUBMISSION-TOOL=SRA-Webin;
gender=female;ENA-CHECKLIST=ERC000026;ENA-SUBMISSION-TOOL=SRA-Webin;
gender=male;ENA-CHECKLIST=ERC000026;ENA-SUBMISSION-TOOL=SRA-Webin;
gender=female;ENA-CHECKLIST=ERC000026;ENA-SUBMISSION-TOOL=SRA-Webin;
gender=male;ENA-CHECKLIST=ERC000026;ENA-SUBMISSION-TOOL=SRA-Webin;
gender=female;ENA-CHECKLIST=ERC000026;ENA-SUBMISSION-TOOL=SRA-Webin;
gender=female;ENA-CHECKLIST=ERC000026;ENA-SUBMISSION-TOOL=SRA-Webin;
gender=male;ENA-CHECKLIST=ERC000026;ENA-SUBMISSION-TOOL=SRA-Webin;
gender=male;ENA-CHECKLIST=ERC000026;ENA-SUBMISSION-TOOL=SRA-Webin;
gender=female;ENA-CHECKLIST=ERC000026;ENA-SUBMISSION-TOOL=SRA-Webin;
gender=female;ENA-CHECKLIST=ERC000026;ENA-SUBMISSION-TOOL=SRA-Webin;
gender=male;ENA-CHECKLIST=ERC000026;ENA-SUBMISSION-TOOL=SRA-Webin;
gender=female;ENA-CHECKLIST=ERC000026;ENA-SUBMISSION-TOOL=SRA-Webin;
gender=female;ENA-CHECKLIST=ERC000026;ENA-SUBMISSION-TOOL=SRA-Webin;
gender=female;ENA-CHECKLIST=ERC000026;ENA-SUBMISSION-TOOL=SRA-Webin;
gender=male;ENA-CHECKLIST=ERC000026;ENA-SUBMISSION-TOOL=SRA-Webin;
gender=male;ENA-CHECKLIST=ERC000026;ENA-SUBMISSION-TOOL=SRA-Webin;
gender=female;ENA-CHECKLIST=ERC000026;ENA-SUBMISSION-TOOL=SRA-Webin;
gender=male;ENA-CHECKLIST=ERC000026;ENA-SUBMISSION-TOOL=SRA-Webin;
gender=female;ENA-CHECKLIST=ERC000026;ENA-SUBMISSION-TOOL=SRA-Webin;
gender=male;ENA-CHECKLIST=ERC000026;ENA-SUBMISSION-TOOL=SRA-Webin;
gender=male;ENA-CHECKLIST=ERC000026;ENA-SUBMISSION-TOOL=SRA-Webin;
gender=female;ENA-CHECKLIST=ERC000026;ENA-SUBMISSION-TOOL=SRA-Webin;
gender=female;ENA-CHECKLIST=ERC000026;ENA-SUBMISSION-TOOL=SRA-Webin;
gender=male;ENA-CHECKLIST=ERC000026;ENA-SUBMISSION-TOOL=SRA-Webin;
gender=male;ENA-CHECKLIST=ERC000026;ENA-SUBMISSION-TOOL=SRA-Webin;
gender=female;ENA-CHECKLIST=ERC000026;ENA-SUBMISSION-TOOL=SRA-Webin;
gender=female;ENA-CHECKLIST=ERC000026;ENA-SUBMISSION-TOOL=SRA-Webin;
gender=male;ENA-CHECKLIST=ERC000026;ENA-SUBMISSION-TOOL=SRA-Webin;
gender=male;ENA-CHECKLIST=ERC000026;ENA-SUBMISSION-TOOL=SRA-Webin;
gender=male;ENA-CHECKLIST=ERC000026;ENA-SUBMISSION-TOOL=SRA-Webin;
gender=male;ENA-CHECKLIST=ERC000026;ENA-SUBMISSION-TOOL=SRA-Webin;
gender=male;ENA-CHECKLIST=ERC000026;ENA-SUBMISSION-TOOL=SRA-Webin;
gender=male;ENA-CHECKLIST=ERC000026;ENA-SUBMISSION-TOOL=SRA-Webin;
gender=female;ENA-CHECKLIST=ERC000026;ENA-SUBMISSION-TOOL=SRA-Webin;
gender=male;ENA-CHECKLIST=ERC000026;ENA-SUBMISSION-TOOL=SRA-Webin;
gender=female;ENA-CHECKLIST=ERC000026;ENA-SUBMISSION-TOOL=SRA-Webin;
gender=female;ENA-CHECKLIST=ERC000026;ENA-SUBMISSION-TOOL=SRA-Webin;
gender=female;ENA-CHECKLIST=ERC000026;ENA-SUBMISSION-TOOL=SRA-Webin;
gender=female;ENA-CHECKLIST=ERC000026;ENA-SUBMISSION-TOOL=SRA-Webin;
gender=female;ENA-CHECKLIST=ERC000026;ENA-SUBMISSION-TOOL=SRA-Webin;
gender=female;ENA-CHECKLIST=ERC000026;ENA-SUBMISSION-TOOL=SRA-Webin;
