sample_id	cell_type	sample_name	sex	isolation_centre	cryopreservation
SAMEA3402280	Pancreatic islet	islet_sample1	female	Edmonton	TRUE
SAMEA3402281	Pancreatic islet	islet_sample10	female	Edmonton	TRUE
SAMEA3402282	Pancreatic islet	islet_sample100	female	Edmonton	FALSE
SAMEA3402283	Pancreatic islet	islet_sample101	female	Edmonton	TRUE
SAMEA3402284	Pancreatic islet	islet_sample102	female	Edmonton	TRUE
SAMEA3402285	Pancreatic islet	islet_sample103	unknown	Edmonton	TRUE
SAMEA3402286	Pancreatic islet	islet_sample104	female	Edmonton	TRUE
SAMEA3402287	Pancreatic islet	islet_sample105	female	Edmonton	TRUE
SAMEA3402288	Pancreatic islet	islet_sample106	unknown	Edmonton	TRUE
SAMEA3402289	Pancreatic islet	islet_sample107	male	Oxford	FALSE
SAMEA3402290	Pancreatic islet	islet_sample108	female	Oxford	FALSE
SAMEA3402291	Pancreatic islet	islet_sample109	female	Oxford	FALSE
SAMEA3402292	Pancreatic islet	islet_sample11	male	Edmonton	TRUE
SAMEA3402293	Pancreatic islet	islet_sample110	female	Edmonton	TRUE
SAMEA3402294	Pancreatic islet	islet_sample111	unknown	Edmonton	TRUE
SAMEA3402295	Pancreatic islet	islet_sample112	male	Edmonton	TRUE
SAMEA3402296	Pancreatic islet	islet_sample113	male	Oxford	FALSE
SAMEA3402297	Pancreatic islet	islet_sample114	female	Oxford	FALSE
SAMEA3402298	Pancreatic islet	islet_sample115	male	Oxford	FALSE
SAMEA3402299	Pancreatic islet	islet_sample116	male	Oxford	FALSE
SAMEA3402300	Pancreatic islet	islet_sample117	male	Oxford	FALSE
SAMEA3402301	Pancreatic islet	islet_sample118	female	Oxford	FALSE
SAMEA3402302	Pancreatic islet	islet_sample12	male	Edmonton	TRUE
SAMEA3402303	Pancreatic islet	islet_sample13	male	Edmonton	TRUE
SAMEA3402304	Pancreatic islet	islet_sample14	male	Edmonton	TRUE
SAMEA3402305	Pancreatic islet	islet_sample15	female	Edmonton	TRUE
SAMEA3402306	Pancreatic islet	islet_sample16	male	Edmonton	TRUE
SAMEA3402307	Pancreatic islet	islet_sample17	female	Edmonton	TRUE
SAMEA3402308	Pancreatic islet	islet_sample18	male	Edmonton	TRUE
SAMEA3402309	Pancreatic islet	islet_sample19	male	Edmonton	TRUE
SAMEA3402310	Pancreatic islet	islet_sample2	male	Edmonton	FALSE
SAMEA3402311	Pancreatic islet	islet_sample20	male	Edmonton	TRUE
SAMEA3402312	Pancreatic islet	islet_sample21	male	Edmonton	TRUE
SAMEA3402313	Pancreatic islet	islet_sample22	female	Edmonton	TRUE
SAMEA3402314	Pancreatic islet	islet_sample23	female	Edmonton	TRUE
SAMEA3402315	Pancreatic islet	islet_sample24	female	Edmonton	TRUE
SAMEA3402316	Pancreatic islet	islet_sample25	male	Edmonton	TRUE
SAMEA3402317	Pancreatic islet	islet_sample26	male	Edmonton	TRUE
SAMEA3402318	Pancreatic islet	islet_sample27	unknown	Edmonton	TRUE
SAMEA3402319	Pancreatic islet	islet_sample28	male	Edmonton	TRUE
SAMEA3402320	Pancreatic islet	islet_sample29	female	Edmonton	TRUE
SAMEA3402321	Pancreatic islet	islet_sample3	male	Edmonton	FALSE
SAMEA3402322	Pancreatic islet	islet_sample30	male	Edmonton	TRUE
SAMEA3402323	Pancreatic islet	islet_sample31	male	Edmonton	TRUE
SAMEA3402324	Pancreatic islet	islet_sample32	male	Edmonton	TRUE
SAMEA3402325	Pancreatic islet	islet_sample33	female	Edmonton	TRUE
SAMEA3402326	Pancreatic islet	islet_sample34	unknown	Edmonton	TRUE
SAMEA3402327	Pancreatic islet	islet_sample35	unknown	Edmonton	TRUE
SAMEA3402328	Pancreatic islet	islet_sample36	female	Edmonton	TRUE
SAMEA3402329	Pancreatic islet	islet_sample37	female	Edmonton	TRUE
SAMEA3402330	Pancreatic islet	islet_sample38	female	Edmonton	TRUE
SAMEA3402331	Pancreatic islet	islet_sample39	male	Edmonton	TRUE
SAMEA3402332	Pancreatic islet	islet_sample4	female	Edmonton	TRUE
SAMEA3402333	Pancreatic islet	islet_sample40	male	Edmonton	TRUE
SAMEA3402334	Pancreatic islet	islet_sample41	male	Edmonton	TRUE
SAMEA3402335	Pancreatic islet	islet_sample42	female	Edmonton	TRUE
SAMEA3402336	Pancreatic islet	islet_sample43	female	Edmonton	TRUE
SAMEA3402337	Pancreatic islet	islet_sample44	female	Edmonton	TRUE
SAMEA3402338	Pancreatic islet	islet_sample45	unknown	Edmonton	TRUE
SAMEA3402339	Pancreatic islet	islet_sample46	male	Edmonton	TRUE
SAMEA3402340	Pancreatic islet	islet_sample47	male	Oxford	FALSE
SAMEA3402341	Pancreatic islet	islet_sample48	male	Oxford	FALSE
SAMEA3402342	Pancreatic islet	islet_sample49	female	Oxford	FALSE
SAMEA3402343	Pancreatic islet	islet_sample5	female	Edmonton	TRUE
SAMEA3402344	Pancreatic islet	islet_sample50	unknown	Oxford	FALSE
SAMEA3402345	Pancreatic islet	islet_sample51	female	Oxford	FALSE
SAMEA3402346	Pancreatic islet	islet_sample52	female	Oxford	FALSE
SAMEA3402347	Pancreatic islet	islet_sample53	female	Oxford	FALSE
SAMEA3402348	Pancreatic islet	islet_sample54	female	Oxford	FALSE
SAMEA3402349	Pancreatic islet	islet_sample55	female	Oxford	FALSE
SAMEA3402350	Pancreatic islet	islet_sample56	female	Oxford	FALSE
SAMEA3402351	Pancreatic islet	islet_sample57	male	Oxford	FALSE
SAMEA3402352	Pancreatic islet	islet_sample58	male	Oxford	FALSE
SAMEA3402353	Pancreatic islet	islet_sample59	female	Oxford	FALSE
SAMEA3402354	Pancreatic islet	islet_sample6	female	Edmonton	TRUE
SAMEA3402355	Pancreatic islet	islet_sample60	female	Oxford	FALSE
SAMEA3402356	Pancreatic islet	islet_sample61	female	Oxford	FALSE
SAMEA3402357	Pancreatic islet	islet_sample62	female	Oxford	FALSE
SAMEA3402358	Pancreatic islet	islet_sample63	female	Oxford	FALSE
SAMEA3402359	Pancreatic islet	islet_sample64	male	Oxford	FALSE
SAMEA3402360	Pancreatic islet	islet_sample65	male	Oxford	FALSE
SAMEA3402361	Pancreatic islet	islet_sample66	unknown	Oxford	FALSE
SAMEA3402362	Pancreatic islet	islet_sample67	female	Oxford	FALSE
SAMEA3402363	Pancreatic islet	islet_sample68	female	Oxford	FALSE
SAMEA3402364	Pancreatic islet	islet_sample69	male	Oxford	FALSE
SAMEA3402365	Pancreatic islet	islet_sample7	female	Edmonton	TRUE
SAMEA3402366	Pancreatic islet	islet_sample70	female	Oxford	FALSE
SAMEA3402367	Pancreatic islet	islet_sample71	female	Oxford	FALSE
SAMEA3402368	Pancreatic islet	islet_sample72	male	Oxford	FALSE
SAMEA3402369	Pancreatic islet	islet_sample73	female	Edmonton	FALSE
SAMEA3402370	Pancreatic islet	islet_sample74	female	Edmonton	FALSE
SAMEA3402371	Pancreatic islet	islet_sample75	male	Edmonton	FALSE
SAMEA3402372	Pancreatic islet	islet_sample76	male	Edmonton	FALSE
SAMEA3402373	Pancreatic islet	islet_sample77	male	Edmonton	FALSE
SAMEA3402374	Pancreatic islet	islet_sample78	male	Edmonton	FALSE
SAMEA3402375	Pancreatic islet	islet_sample79	female	Edmonton	FALSE
SAMEA3402376	Pancreatic islet	islet_sample8	female	Edmonton	TRUE
SAMEA3402377	Pancreatic islet	islet_sample80	female	Edmonton	FALSE
SAMEA3402378	Pancreatic islet	islet_sample81	female	Edmonton	TRUE
SAMEA3402379	Pancreatic islet	islet_sample82	female	Edmonton	TRUE
SAMEA3402380	Pancreatic islet	islet_sample83	female	Edmonton	TRUE
SAMEA3402381	Pancreatic islet	islet_sample84	male	Edmonton	TRUE
SAMEA3402382	Pancreatic islet	islet_sample85	male	Edmonton	TRUE
SAMEA3402383	Pancreatic islet	islet_sample86	male	Edmonton	TRUE
SAMEA3402384	Pancreatic islet	islet_sample87	female	Edmonton	TRUE
SAMEA3402385	Pancreatic islet	islet_sample88	unknown	Edmonton	TRUE
SAMEA3402386	Pancreatic islet	islet_sample89	male	Edmonton	FALSE
SAMEA3402387	Pancreatic islet	islet_sample9	male	Edmonton	TRUE
SAMEA3402388	Pancreatic islet	islet_sample90	male	Oxford	FALSE
SAMEA3402389	Pancreatic islet	islet_sample91	female	Oxford	FALSE
SAMEA3402390	Pancreatic islet	islet_sample92	male	Oxford	FALSE
SAMEA3402391	Pancreatic islet	islet_sample93	female	Oxford	FALSE
SAMEA3402392	Pancreatic islet	islet_sample94	male	Oxford	FALSE
SAMEA3402393	Pancreatic islet	islet_sample95	male	Edmonton	TRUE
SAMEA3402394	Pancreatic islet	islet_sample96	female	Edmonton	TRUE
SAMEA3402395	Pancreatic islet	islet_sample97	male	Edmonton	TRUE
SAMEA3402396	Pancreatic islet	islet_sample98	female	Edmonton	TRUE
SAMEA3402397	Pancreatic islet	islet_sample99	male	Edmonton	FALSE
