subject_id=islet_sample11;gender=male;EFO_0000246=21;EFO_0004340=unknown;Isolation centre=Edmonton;Cryopreservation=Yes;ENA-CHECKLIST=ERC000026;
subject_id=islet_sample110;gender=female;EFO_0000246=59;EFO_0004340=unknown;Isolation centre=Edmonton;Cryopreservation=Yes;ENA-CHECKLIST=ERC000026;
subject_id=islet_sample2;gender=male;EFO_0000246=36;EFO_0004340=26;Isolation centre=Edmonton;Cryopreservation=No;ENA-CHECKLIST=ERC000026;
subject_id=islet_sample64;gender=male;EFO_0000246=58;EFO_0004340=29;Isolation centre=Oxford;Cryopreservation=No;ENA-CHECKLIST=ERC000026;
subject_id=islet_sample68;gender=female;EFO_0000246=59;EFO_0004340=27;Isolation centre=Oxford;Cryopreservation=No;ENA-CHECKLIST=ERC000026;
subject_id=islet_sample69;gender=male;EFO_0000246=49;EFO_0004340=21;Isolation centre=Oxford;Cryopreservation=No;ENA-CHECKLIST=ERC000026;
subject_id=islet_sample7;gender=female;EFO_0000246=45;EFO_0004340=unknown;Isolation centre=Edmonton;Cryopreservation=Yes;ENA-CHECKLIST=ERC000026;
subject_id=islet_sample70;gender=female;EFO_0000246=35;EFO_0004340=21;Isolation centre=Oxford;Cryopreservation=No;ENA-CHECKLIST=ERC000026;
subject_id=islet_sample71;gender=female;EFO_0000246=39;EFO_0004340=22;Isolation centre=Oxford;Cryopreservation=No;ENA-CHECKLIST=ERC000026;
subject_id=islet_sample1;gender=female;EFO_0000246=60;EFO_0004340=unknown;Isolation centre=Edmonton;Cryopreservation=Yes;ENA-CHECKLIST=ERC000026;
subject_id=islet_sample107;gender=male;EFO_0000246=62;EFO_0004340=32;Isolation centre=Oxford;Cryopreservation=No;ENA-CHECKLIST=ERC000026;
subject_id=islet_sample82;gender=female;EFO_0000246=27;EFO_0004340=unknown;Isolation centre=Edmonton;Cryopreservation=Yes;ENA-CHECKLIST=ERC000026;
subject_id=islet_sample83;gender=female;EFO_0000246=46;EFO_0004340=unknown;Isolation centre=Edmonton;Cryopreservation=Yes;ENA-CHECKLIST=ERC000026;
subject_id=islet_sample84;gender=male;EFO_0000246=45;EFO_0004340=unknown;Isolation centre=Edmonton;Cryopreservation=Yes;ENA-CHECKLIST=ERC000026;
subject_id=islet_sample85;gender=male;EFO_0000246=51;EFO_0004340=unknown;Isolation centre=Edmonton;Cryopreservation=Yes;ENA-CHECKLIST=ERC000026;
subject_id=islet_sample86;gender=male;EFO_0000246=27;EFO_0004340=unknown;Isolation centre=Edmonton;Cryopreservation=Yes;ENA-CHECKLIST=ERC000026;
subject_id=islet_sample87;gender=female;EFO_0000246=32;EFO_0004340=unknown;Isolation centre=Edmonton;Cryopreservation=Yes;ENA-CHECKLIST=ERC000026;
subject_id=islet_sample88;gender=unknown;EFO_0000246=unknown;EFO_0004340=unknown;Isolation centre=Edmonton;Cryopreservation=Yes;ENA-CHECKLIST=ERC000026;
subject_id=islet_sample111;gender=unknown;EFO_0000246=unknown;EFO_0004340=unknown;Isolation centre=Edmonton;Cryopreservation=Yes;ENA-CHECKLIST=ERC000026;
subject_id=islet_sample112;gender=male;EFO_0000246=60;EFO_0004340=unknown;Isolation centre=Edmonton;Cryopreservation=Yes;ENA-CHECKLIST=ERC000026;
subject_id=islet_sample113;gender=male;EFO_0000246=51;EFO_0004340=30;Isolation centre=Oxford;Cryopreservation=No;ENA-CHECKLIST=ERC000026;
subject_id=islet_sample114;gender=female;EFO_0000246=41;EFO_0004340=19;Isolation centre=Oxford;Cryopreservation=No;ENA-CHECKLIST=ERC000026;
subject_id=islet_sample115;gender=male;EFO_0000246=47;EFO_0004340=26;Isolation centre=Oxford;Cryopreservation=No;ENA-CHECKLIST=ERC000026;
subject_id=islet_sample10;gender=female;EFO_0000246=50;EFO_0004340=unknown;Isolation centre=Edmonton;Cryopreservation=Yes;ENA-CHECKLIST=ERC000026;
subject_id=islet_sample116;gender=male;EFO_0000246=41;EFO_0004340=29;Isolation centre=Oxford;Cryopreservation=No;ENA-CHECKLIST=ERC000026;
subject_id=islet_sample117;gender=male;EFO_0000246=52;EFO_0004340=44;Isolation centre=Oxford;Cryopreservation=No;ENA-CHECKLIST=ERC000026;
subject_id=islet_sample118;gender=female;EFO_0000246=59;EFO_0004340=21.7;Isolation centre=Oxford;Cryopreservation=No;ENA-CHECKLIST=ERC000026;
subject_id=islet_sample12;gender=male;EFO_0000246=51;EFO_0004340=unknown;Isolation centre=Edmonton;Cryopreservation=Yes;ENA-CHECKLIST=ERC000026;
subject_id=islet_sample13;gender=male;EFO_0000246=22;EFO_0004340=unknown;Isolation centre=Edmonton;Cryopreservation=Yes;ENA-CHECKLIST=ERC000026;
subject_id=islet_sample14;gender=male;EFO_0000246=21;EFO_0004340=unknown;Isolation centre=Edmonton;Cryopreservation=Yes;ENA-CHECKLIST=ERC000026;
subject_id=islet_sample15;gender=female;EFO_0000246=49;EFO_0004340=unknown;Isolation centre=Edmonton;Cryopreservation=Yes;ENA-CHECKLIST=ERC000026;
subject_id=islet_sample21;gender=male;EFO_0000246=52;EFO_0004340=unknown;Isolation centre=Edmonton;Cryopreservation=Yes;ENA-CHECKLIST=ERC000026;
subject_id=islet_sample22;gender=female;EFO_0000246=24;EFO_0004340=unknown;Isolation centre=Edmonton;Cryopreservation=Yes;ENA-CHECKLIST=ERC000026;
subject_id=islet_sample23;gender=female;EFO_0000246=55;EFO_0004340=unknown;Isolation centre=Edmonton;Cryopreservation=Yes;ENA-CHECKLIST=ERC000026;
subject_id=islet_sample24;gender=female;EFO_0000246=49;EFO_0004340=unknown;Isolation centre=Edmonton;Cryopreservation=Yes;ENA-CHECKLIST=ERC000026;
subject_id=islet_sample25;gender=male;EFO_0000246=60;EFO_0004340=unknown;Isolation centre=Edmonton;Cryopreservation=Yes;ENA-CHECKLIST=ERC000026;
subject_id=islet_sample39;gender=male;EFO_0000246=17;EFO_0004340=unknown;Isolation centre=Edmonton;Cryopreservation=Yes;ENA-CHECKLIST=ERC000026;
subject_id=islet_sample4;gender=female;EFO_0000246=56;EFO_0004340=unknown;Isolation centre=Edmonton;Cryopreservation=Yes;ENA-CHECKLIST=ERC000026;
subject_id=islet_sample40;gender=male;EFO_0000246=51;EFO_0004340=unknown;Isolation centre=Edmonton;Cryopreservation=Yes;ENA-CHECKLIST=ERC000026;
subject_id=islet_sample43;gender=female;EFO_0000246=69;EFO_0004340=unknown;Isolation centre=Edmonton;Cryopreservation=Yes;ENA-CHECKLIST=ERC000026;
subject_id=islet_sample59;gender=female;EFO_0000246=46;EFO_0004340=30;Isolation centre=Oxford;Cryopreservation=No;ENA-CHECKLIST=ERC000026;
subject_id=islet_sample6;gender=female;EFO_0000246=54;EFO_0004340=unknown;Isolation centre=Edmonton;Cryopreservation=Yes;ENA-CHECKLIST=ERC000026;
subject_id=islet_sample60;gender=female;EFO_0000246=43;EFO_0004340=21;Isolation centre=Oxford;Cryopreservation=No;ENA-CHECKLIST=ERC000026;
subject_id=islet_sample61;gender=female;EFO_0000246=53;EFO_0004340=39;Isolation centre=Oxford;Cryopreservation=No;ENA-CHECKLIST=ERC000026;
subject_id=islet_sample62;gender=female;EFO_0000246=57;EFO_0004340=23;Isolation centre=Oxford;Cryopreservation=No;ENA-CHECKLIST=ERC000026;
subject_id=islet_sample63;gender=female;EFO_0000246=30;EFO_0004340=49;Isolation centre=Oxford;Cryopreservation=No;ENA-CHECKLIST=ERC000026;
subject_id=islet_sample105;gender=female;EFO_0000246=45;EFO_0004340=unknown;Isolation centre=Edmonton;Cryopreservation=Yes;ENA-CHECKLIST=ERC000026;
subject_id=islet_sample72;gender=male;EFO_0000246=39;EFO_0004340=32;Isolation centre=Oxford;Cryopreservation=No;ENA-CHECKLIST=ERC000026;
subject_id=islet_sample106;gender=unknown;EFO_0000246=unknown;EFO_0004340=unknown;Isolation centre=Edmonton;Cryopreservation=Yes;ENA-CHECKLIST=ERC000026;
subject_id=islet_sample73;gender=female;EFO_0000246=33;EFO_0004340=27.3;Isolation centre=Edmonton;Cryopreservation=No;ENA-CHECKLIST=ERC000026;
subject_id=islet_sample74;gender=female;EFO_0000246=80;EFO_0004340=21.9;Isolation centre=Edmonton;Cryopreservation=No;ENA-CHECKLIST=ERC000026;
subject_id=islet_sample75;gender=male;EFO_0000246=54;EFO_0004340=30;Isolation centre=Edmonton;Cryopreservation=No;ENA-CHECKLIST=ERC000026;
subject_id=islet_sample76;gender=male;EFO_0000246=48;EFO_0004340=30.3;Isolation centre=Edmonton;Cryopreservation=No;ENA-CHECKLIST=ERC000026;
subject_id=islet_sample77;gender=male;EFO_0000246=51;EFO_0004340=26.3;Isolation centre=Edmonton;Cryopreservation=No;ENA-CHECKLIST=ERC000026;
subject_id=islet_sample78;gender=male;EFO_0000246=46;EFO_0004340=36;Isolation centre=Edmonton;Cryopreservation=No;ENA-CHECKLIST=ERC000026;
subject_id=islet_sample79;gender=female;EFO_0000246=49;EFO_0004340=27.7;Isolation centre=Edmonton;Cryopreservation=No;ENA-CHECKLIST=ERC000026;
subject_id=islet_sample8;gender=female;EFO_0000246=44;EFO_0004340=unknown;Isolation centre=Edmonton;Cryopreservation=Yes;ENA-CHECKLIST=ERC000026;
subject_id=islet_sample81;gender=female;EFO_0000246=50;EFO_0004340=unknown;Isolation centre=Edmonton;Cryopreservation=Yes;ENA-CHECKLIST=ERC000026;
subject_id=islet_sample89;gender=male;EFO_0000246=73;EFO_0004340=23.7;Isolation centre=Edmonton;Cryopreservation=No;ENA-CHECKLIST=ERC000026;
subject_id=islet_sample9;gender=male;EFO_0000246=18;EFO_0004340=unknown;Isolation centre=Edmonton;Cryopreservation=Yes;ENA-CHECKLIST=ERC000026;
subject_id=islet_sample90;gender=male;EFO_0000246=51;EFO_0004340=30;Isolation centre=Oxford;Cryopreservation=No;ENA-CHECKLIST=ERC000026;
subject_id=islet_sample96;gender=female;EFO_0000246=61;EFO_0004340=unknown;Isolation centre=Edmonton;Cryopreservation=Yes;ENA-CHECKLIST=ERC000026;
subject_id=islet_sample97;gender=male;EFO_0000246=24;EFO_0004340=unknown;Isolation centre=Edmonton;Cryopreservation=Yes;ENA-CHECKLIST=ERC000026;
subject_id=islet_sample98;gender=female;EFO_0000246=52;EFO_0004340=unknown;Isolation centre=Edmonton;Cryopreservation=Yes;ENA-CHECKLIST=ERC000026;
subject_id=islet_sample99;gender=male;EFO_0000246=79;EFO_0004340=25;Isolation centre=Edmonton;Cryopreservation=No;ENA-CHECKLIST=ERC000026;
subject_id=islet_sample109;gender=female;EFO_0000246=53;EFO_0004340=31;Isolation centre=Oxford;Cryopreservation=No;ENA-CHECKLIST=ERC000026;
subject_id=islet_sample16;gender=male;EFO_0000246=41;EFO_0004340=unknown;Isolation centre=Edmonton;Cryopreservation=Yes;ENA-CHECKLIST=ERC000026;
subject_id=islet_sample17;gender=female;EFO_0000246=30;EFO_0004340=unknown;Isolation centre=Edmonton;Cryopreservation=Yes;ENA-CHECKLIST=ERC000026;
subject_id=islet_sample18;gender=male;EFO_0000246=24;EFO_0004340=unknown;Isolation centre=Edmonton;Cryopreservation=Yes;ENA-CHECKLIST=ERC000026;
subject_id=islet_sample20;gender=male;EFO_0000246=29;EFO_0004340=unknown;Isolation centre=Edmonton;Cryopreservation=Yes;ENA-CHECKLIST=ERC000026;
subject_id=islet_sample100;gender=female;EFO_0000246=72;EFO_0004340=40.4;Isolation centre=Edmonton;Cryopreservation=No;ENA-CHECKLIST=ERC000026;
subject_id=islet_sample26;gender=male;EFO_0000246=52;EFO_0004340=unknown;Isolation centre=Edmonton;Cryopreservation=Yes;ENA-CHECKLIST=ERC000026;
subject_id=islet_sample27;gender=unknown;EFO_0000246=54;EFO_0004340=unknown;Isolation centre=Edmonton;Cryopreservation=Yes;ENA-CHECKLIST=ERC000026;
subject_id=islet_sample101;gender=female;EFO_0000246=29;EFO_0004340=unknown;Isolation centre=Edmonton;Cryopreservation=Yes;ENA-CHECKLIST=ERC000026;
subject_id=islet_sample28;gender=male;EFO_0000246=34;EFO_0004340=unknown;Isolation centre=Edmonton;Cryopreservation=Yes;ENA-CHECKLIST=ERC000026;
subject_id=islet_sample29;gender=female;EFO_0000246=25;EFO_0004340=unknown;Isolation centre=Edmonton;Cryopreservation=Yes;ENA-CHECKLIST=ERC000026;
subject_id=islet_sample3;gender=male;EFO_0000246=42;EFO_0004340=23.2;Isolation centre=Edmonton;Cryopreservation=No;ENA-CHECKLIST=ERC000026;
subject_id=islet_sample30;gender=male;EFO_0000246=40;EFO_0004340=unknown;Isolation centre=Edmonton;Cryopreservation=Yes;ENA-CHECKLIST=ERC000026;
subject_id=islet_sample31;gender=male;EFO_0000246=33;EFO_0004340=unknown;Isolation centre=Edmonton;Cryopreservation=Yes;ENA-CHECKLIST=ERC000026;
subject_id=islet_sample32;gender=male;EFO_0000246=33;EFO_0004340=unknown;Isolation centre=Edmonton;Cryopreservation=Yes;ENA-CHECKLIST=ERC000026;
subject_id=islet_sample33;gender=female;EFO_0000246=48;EFO_0004340=unknown;Isolation centre=Edmonton;Cryopreservation=Yes;ENA-CHECKLIST=ERC000026;
subject_id=islet_sample34;gender=unknown;EFO_0000246=unknown;EFO_0004340=unknown;Isolation centre=Edmonton;Cryopreservation=Yes;ENA-CHECKLIST=ERC000026;
subject_id=islet_sample35;gender=unknown;EFO_0000246=47;EFO_0004340=unknown;Isolation centre=Edmonton;Cryopreservation=Yes;ENA-CHECKLIST=ERC000026;
subject_id=islet_sample36;gender=female;EFO_0000246=46;EFO_0004340=unknown;Isolation centre=Edmonton;Cryopreservation=Yes;ENA-CHECKLIST=ERC000026;
subject_id=islet_sample102;gender=female;EFO_0000246=36;EFO_0004340=unknown;Isolation centre=Edmonton;Cryopreservation=Yes;ENA-CHECKLIST=ERC000026;
subject_id=islet_sample37;gender=female;EFO_0000246=53;EFO_0004340=unknown;Isolation centre=Edmonton;Cryopreservation=Yes;ENA-CHECKLIST=ERC000026;
subject_id=islet_sample38;gender=female;EFO_0000246=39;EFO_0004340=unknown;Isolation centre=Edmonton;Cryopreservation=Yes;ENA-CHECKLIST=ERC000026;
subject_id=islet_sample5;gender=female;EFO_0000246=37;EFO_0004340=unknown;Isolation centre=Edmonton;Cryopreservation=Yes;ENA-CHECKLIST=ERC000026;
subject_id=islet_sample50;gender=unknown;EFO_0000246=unknown;EFO_0004340=unknown;Isolation centre=Oxford;Cryopreservation=No;ENA-CHECKLIST=ERC000026;
subject_id=islet_sample51;gender=female;EFO_0000246=57;EFO_0004340=29;Isolation centre=Oxford;Cryopreservation=No;ENA-CHECKLIST=ERC000026;
subject_id=islet_sample52;gender=female;EFO_0000246=51;EFO_0004340=32;Isolation centre=Oxford;Cryopreservation=No;ENA-CHECKLIST=ERC000026;
subject_id=islet_sample53;gender=female;EFO_0000246=59;EFO_0004340=23;Isolation centre=Oxford;Cryopreservation=No;ENA-CHECKLIST=ERC000026;
subject_id=islet_sample54;gender=female;EFO_0000246=34;EFO_0004340=36;Isolation centre=Oxford;Cryopreservation=No;ENA-CHECKLIST=ERC000026;
subject_id=islet_sample104;gender=female;EFO_0000246=25;EFO_0004340=unknown;Isolation centre=Edmonton;Cryopreservation=Yes;ENA-CHECKLIST=ERC000026;
subject_id=islet_sample55;gender=female;EFO_0000246=59;EFO_0004340=28;Isolation centre=Oxford;Cryopreservation=No;ENA-CHECKLIST=ERC000026;
subject_id=islet_sample56;gender=female;EFO_0000246=61;EFO_0004340=unknown;Isolation centre=Oxford;Cryopreservation=No;ENA-CHECKLIST=ERC000026;
subject_id=islet_sample57;gender=male;EFO_0000246=44;EFO_0004340=23;Isolation centre=Oxford;Cryopreservation=No;ENA-CHECKLIST=ERC000026;
subject_id=islet_sample65;gender=male;EFO_0000246=48;EFO_0004340=23;Isolation centre=Oxford;Cryopreservation=No;ENA-CHECKLIST=ERC000026;
subject_id=islet_sample66;gender=unknown;EFO_0000246=unknown;EFO_0004340=unknown;Isolation centre=Oxford;Cryopreservation=No;ENA-CHECKLIST=ERC000026;
subject_id=islet_sample67;gender=female;EFO_0000246=54;EFO_0004340=27;Isolation centre=Oxford;Cryopreservation=No;ENA-CHECKLIST=ERC000026;
subject_id=islet_sample80;gender=female;EFO_0000246=30;EFO_0004340=15.4;Isolation centre=Edmonton;Cryopreservation=No;ENA-CHECKLIST=ERC000026;
subject_id=islet_sample58;gender=male;EFO_0000246=47;EFO_0004340=28;Isolation centre=Oxford;Cryopreservation=No;ENA-CHECKLIST=ERC000026;
subject_id=islet_sample108;gender=female;EFO_0000246=59;EFO_0004340=29;Isolation centre=Oxford;Cryopreservation=No;ENA-CHECKLIST=ERC000026;
subject_id=islet_sample91;gender=female;EFO_0000246=56;EFO_0004340=32;Isolation centre=Oxford;Cryopreservation=No;ENA-CHECKLIST=ERC000026;
subject_id=islet_sample92;gender=male;EFO_0000246=56;EFO_0004340=34;Isolation centre=Oxford;Cryopreservation=No;ENA-CHECKLIST=ERC000026;
subject_id=islet_sample93;gender=female;EFO_0000246=44;EFO_0004340=32;Isolation centre=Oxford;Cryopreservation=No;ENA-CHECKLIST=ERC000026;
subject_id=islet_sample94;gender=male;EFO_0000246=24;EFO_0004340=25;Isolation centre=Oxford;Cryopreservation=No;ENA-CHECKLIST=ERC000026;
subject_id=islet_sample95;gender=male;EFO_0000246=47;EFO_0004340=unknown;Isolation centre=Edmonton;Cryopreservation=Yes;ENA-CHECKLIST=ERC000026;
subject_id=islet_sample19;gender=male;EFO_0000246=22;EFO_0004340=unknown;Isolation centre=Edmonton;Cryopreservation=Yes;ENA-CHECKLIST=ERC000026;
subject_id=islet_sample41;gender=male;EFO_0000246=45;EFO_0004340=unknown;Isolation centre=Edmonton;Cryopreservation=Yes;ENA-CHECKLIST=ERC000026;
subject_id=islet_sample42;gender=female;EFO_0000246=32;EFO_0004340=unknown;Isolation centre=Edmonton;Cryopreservation=Yes;ENA-CHECKLIST=ERC000026;
subject_id=islet_sample44;gender=female;EFO_0000246=61;EFO_0004340=unknown;Isolation centre=Edmonton;Cryopreservation=Yes;ENA-CHECKLIST=ERC000026;
subject_id=islet_sample45;gender=unknown;EFO_0000246=unknown;EFO_0004340=unknown;Isolation centre=Edmonton;Cryopreservation=Yes;ENA-CHECKLIST=ERC000026;
subject_id=islet_sample103;gender=unknown;EFO_0000246=unknown;EFO_0004340=unknown;Isolation centre=Edmonton;Cryopreservation=Yes;ENA-CHECKLIST=ERC000026;
subject_id=islet_sample46;gender=male;EFO_0000246=53;EFO_0004340=unknown;Isolation centre=Edmonton;Cryopreservation=Yes;ENA-CHECKLIST=ERC000026;
subject_id=islet_sample47;gender=male;EFO_0000246=34;EFO_0004340=31;Isolation centre=Oxford;Cryopreservation=No;ENA-CHECKLIST=ERC000026;
subject_id=islet_sample48;gender=male;EFO_0000246=50;EFO_0004340=32;Isolation centre=Oxford;Cryopreservation=No;ENA-CHECKLIST=ERC000026;
subject_id=islet_sample49;gender=female;EFO_0000246=46;EFO_0004340=25;Isolation centre=Oxford;Cryopreservation=No;ENA-CHECKLIST=ERC000026;
